------------------------------------------------------------
TimeQuest Timing Analyzer Summary
------------------------------------------------------------

Type  : Slow 1200mV 85C Model Setup 'I2C_CH_SCHED:I2C_CH_SCHED_0|SCH_LP_REQ'
Slack : -30.904
TNS   : -4594.609

Type  : Slow 1200mV 85C Model Setup 'CLK'
Slack : -9.050
TNS   : -33453.386

Type  : Slow 1200mV 85C Model Setup 'i2c_master:i2c_master_15|data_clk'
Slack : -3.043
TNS   : -58.546

Type  : Slow 1200mV 85C Model Setup 'i2c_master:i2c_master_12|data_clk'
Slack : -3.035
TNS   : -59.347

Type  : Slow 1200mV 85C Model Setup 'i2c_master:i2c_master_14|data_clk'
Slack : -2.852
TNS   : -51.697

Type  : Slow 1200mV 85C Model Setup 'i2c_master:i2c_master_11|data_clk'
Slack : -2.844
TNS   : -48.284

Type  : Slow 1200mV 85C Model Setup 'i2c_master:i2c_master_0|data_clk'
Slack : -2.839
TNS   : -52.199

Type  : Slow 1200mV 85C Model Setup 'i2c_master:i2c_master_1|data_clk'
Slack : -2.703
TNS   : -49.243

Type  : Slow 1200mV 85C Model Setup 'i2c_master:i2c_master_13|data_clk'
Slack : -2.656
TNS   : -48.808

Type  : Slow 1200mV 85C Model Setup 'i2c_master:i2c_master_3|data_clk'
Slack : -2.460
TNS   : -47.491

Type  : Slow 1200mV 85C Model Setup 'i2c_master:i2c_master_6|data_clk'
Slack : -2.174
TNS   : -43.156

Type  : Slow 1200mV 85C Model Setup 'i2c_master:i2c_master_2|data_clk'
Slack : -2.159
TNS   : -47.249

Type  : Slow 1200mV 85C Model Setup 'i2c_master:i2c_master_8|data_clk'
Slack : -2.115
TNS   : -36.398

Type  : Slow 1200mV 85C Model Setup 'i2c_master:i2c_master_5|data_clk'
Slack : -2.111
TNS   : -46.530

Type  : Slow 1200mV 85C Model Setup 'i2c_master:i2c_master_10|data_clk'
Slack : -1.974
TNS   : -44.478

Type  : Slow 1200mV 85C Model Setup 'i2c_master:i2c_master_7|data_clk'
Slack : -1.919
TNS   : -39.024

Type  : Slow 1200mV 85C Model Setup 'i2c_master:i2c_master_4|data_clk'
Slack : -1.885
TNS   : -43.407

Type  : Slow 1200mV 85C Model Setup 'i2c_master:i2c_master_9|data_clk'
Slack : -1.764
TNS   : -33.460

Type  : Slow 1200mV 85C Model Hold 'CLK'
Slack : -0.309
TNS   : -0.309

Type  : Slow 1200mV 85C Model Hold 'i2c_master:i2c_master_2|data_clk'
Slack : 0.147
TNS   : 0.000

Type  : Slow 1200mV 85C Model Hold 'i2c_master:i2c_master_3|data_clk'
Slack : 0.280
TNS   : 0.000

Type  : Slow 1200mV 85C Model Hold 'i2c_master:i2c_master_8|data_clk'
Slack : 0.290
TNS   : 0.000

Type  : Slow 1200mV 85C Model Hold 'i2c_master:i2c_master_4|data_clk'
Slack : 0.332
TNS   : 0.000

Type  : Slow 1200mV 85C Model Hold 'i2c_master:i2c_master_12|data_clk'
Slack : 0.343
TNS   : 0.000

Type  : Slow 1200mV 85C Model Hold 'i2c_master:i2c_master_15|data_clk'
Slack : 0.344
TNS   : 0.000

Type  : Slow 1200mV 85C Model Hold 'i2c_master:i2c_master_9|data_clk'
Slack : 0.353
TNS   : 0.000

Type  : Slow 1200mV 85C Model Hold 'i2c_master:i2c_master_5|data_clk'
Slack : 0.356
TNS   : 0.000

Type  : Slow 1200mV 85C Model Hold 'i2c_master:i2c_master_6|data_clk'
Slack : 0.356
TNS   : 0.000

Type  : Slow 1200mV 85C Model Hold 'i2c_master:i2c_master_0|data_clk'
Slack : 0.357
TNS   : 0.000

Type  : Slow 1200mV 85C Model Hold 'i2c_master:i2c_master_10|data_clk'
Slack : 0.357
TNS   : 0.000

Type  : Slow 1200mV 85C Model Hold 'i2c_master:i2c_master_11|data_clk'
Slack : 0.357
TNS   : 0.000

Type  : Slow 1200mV 85C Model Hold 'i2c_master:i2c_master_13|data_clk'
Slack : 0.357
TNS   : 0.000

Type  : Slow 1200mV 85C Model Hold 'i2c_master:i2c_master_14|data_clk'
Slack : 0.357
TNS   : 0.000

Type  : Slow 1200mV 85C Model Hold 'i2c_master:i2c_master_1|data_clk'
Slack : 0.357
TNS   : 0.000

Type  : Slow 1200mV 85C Model Hold 'i2c_master:i2c_master_7|data_clk'
Slack : 0.357
TNS   : 0.000

Type  : Slow 1200mV 85C Model Hold 'I2C_CH_SCHED:I2C_CH_SCHED_0|SCH_LP_REQ'
Slack : 0.393
TNS   : 0.000

Type  : Slow 1200mV 85C Model Recovery 'i2c_master:i2c_master_12|data_clk'
Slack : -1.890
TNS   : -40.604

Type  : Slow 1200mV 85C Model Recovery 'i2c_master:i2c_master_14|data_clk'
Slack : -1.871
TNS   : -40.228

Type  : Slow 1200mV 85C Model Recovery 'CLK'
Slack : -1.780
TNS   : -7585.128

Type  : Slow 1200mV 85C Model Recovery 'i2c_master:i2c_master_13|data_clk'
Slack : -1.682
TNS   : -34.862

Type  : Slow 1200mV 85C Model Recovery 'i2c_master:i2c_master_1|data_clk'
Slack : -1.671
TNS   : -35.441

Type  : Slow 1200mV 85C Model Recovery 'i2c_master:i2c_master_6|data_clk'
Slack : -1.664
TNS   : -35.329

Type  : Slow 1200mV 85C Model Recovery 'i2c_master:i2c_master_3|data_clk'
Slack : -1.512
TNS   : -31.936

Type  : Slow 1200mV 85C Model Recovery 'i2c_master:i2c_master_5|data_clk'
Slack : -1.507
TNS   : -31.793

Type  : Slow 1200mV 85C Model Recovery 'i2c_master:i2c_master_15|data_clk'
Slack : -1.273
TNS   : -26.198

Type  : Slow 1200mV 85C Model Recovery 'i2c_master:i2c_master_11|data_clk'
Slack : -1.250
TNS   : -25.703

Type  : Slow 1200mV 85C Model Recovery 'i2c_master:i2c_master_0|data_clk'
Slack : -1.106
TNS   : -22.638

Type  : Slow 1200mV 85C Model Recovery 'i2c_master:i2c_master_8|data_clk'
Slack : -1.017
TNS   : -20.267

Type  : Slow 1200mV 85C Model Recovery 'i2c_master:i2c_master_7|data_clk'
Slack : -0.997
TNS   : -20.102

Type  : Slow 1200mV 85C Model Recovery 'i2c_master:i2c_master_4|data_clk'
Slack : -0.918
TNS   : -17.746

Type  : Slow 1200mV 85C Model Recovery 'i2c_master:i2c_master_2|data_clk'
Slack : -0.856
TNS   : -16.625

Type  : Slow 1200mV 85C Model Recovery 'i2c_master:i2c_master_9|data_clk'
Slack : -0.728
TNS   : -16.403

Type  : Slow 1200mV 85C Model Recovery 'i2c_master:i2c_master_10|data_clk'
Slack : -0.605
TNS   : -13.900

Type  : Slow 1200mV 85C Model Removal 'i2c_master:i2c_master_9|data_clk'
Slack : 0.757
TNS   : 0.000

Type  : Slow 1200mV 85C Model Removal 'i2c_master:i2c_master_2|data_clk'
Slack : 0.836
TNS   : 0.000

Type  : Slow 1200mV 85C Model Removal 'i2c_master:i2c_master_4|data_clk'
Slack : 0.879
TNS   : 0.000

Type  : Slow 1200mV 85C Model Removal 'i2c_master:i2c_master_10|data_clk'
Slack : 0.968
TNS   : 0.000

Type  : Slow 1200mV 85C Model Removal 'i2c_master:i2c_master_8|data_clk'
Slack : 1.004
TNS   : 0.000

Type  : Slow 1200mV 85C Model Removal 'i2c_master:i2c_master_7|data_clk'
Slack : 1.010
TNS   : 0.000

Type  : Slow 1200mV 85C Model Removal 'i2c_master:i2c_master_0|data_clk'
Slack : 1.128
TNS   : 0.000

Type  : Slow 1200mV 85C Model Removal 'i2c_master:i2c_master_11|data_clk'
Slack : 1.248
TNS   : 0.000

Type  : Slow 1200mV 85C Model Removal 'i2c_master:i2c_master_15|data_clk'
Slack : 1.267
TNS   : 0.000

Type  : Slow 1200mV 85C Model Removal 'i2c_master:i2c_master_5|data_clk'
Slack : 1.513
TNS   : 0.000

Type  : Slow 1200mV 85C Model Removal 'i2c_master:i2c_master_3|data_clk'
Slack : 1.548
TNS   : 0.000

Type  : Slow 1200mV 85C Model Removal 'i2c_master:i2c_master_6|data_clk'
Slack : 1.678
TNS   : 0.000

Type  : Slow 1200mV 85C Model Removal 'i2c_master:i2c_master_1|data_clk'
Slack : 1.688
TNS   : 0.000

Type  : Slow 1200mV 85C Model Removal 'i2c_master:i2c_master_13|data_clk'
Slack : 1.721
TNS   : 0.000

Type  : Slow 1200mV 85C Model Removal 'CLK'
Slack : 1.831
TNS   : 0.000

Type  : Slow 1200mV 85C Model Removal 'i2c_master:i2c_master_14|data_clk'
Slack : 1.897
TNS   : 0.000

Type  : Slow 1200mV 85C Model Removal 'i2c_master:i2c_master_12|data_clk'
Slack : 1.934
TNS   : 0.000

Type  : Slow 1200mV 85C Model Minimum Pulse Width 'CLK'
Slack : -3.000
TNS   : -5561.000

Type  : Slow 1200mV 85C Model Minimum Pulse Width 'I2C_CH_SCHED:I2C_CH_SCHED_0|SCH_LP_REQ'
Slack : -1.000
TNS   : -5793.000

Type  : Slow 1200mV 85C Model Minimum Pulse Width 'i2c_master:i2c_master_0|data_clk'
Slack : -1.000
TNS   : -33.000

Type  : Slow 1200mV 85C Model Minimum Pulse Width 'i2c_master:i2c_master_10|data_clk'
Slack : -1.000
TNS   : -33.000

Type  : Slow 1200mV 85C Model Minimum Pulse Width 'i2c_master:i2c_master_11|data_clk'
Slack : -1.000
TNS   : -33.000

Type  : Slow 1200mV 85C Model Minimum Pulse Width 'i2c_master:i2c_master_12|data_clk'
Slack : -1.000
TNS   : -33.000

Type  : Slow 1200mV 85C Model Minimum Pulse Width 'i2c_master:i2c_master_13|data_clk'
Slack : -1.000
TNS   : -33.000

Type  : Slow 1200mV 85C Model Minimum Pulse Width 'i2c_master:i2c_master_14|data_clk'
Slack : -1.000
TNS   : -33.000

Type  : Slow 1200mV 85C Model Minimum Pulse Width 'i2c_master:i2c_master_15|data_clk'
Slack : -1.000
TNS   : -33.000

Type  : Slow 1200mV 85C Model Minimum Pulse Width 'i2c_master:i2c_master_1|data_clk'
Slack : -1.000
TNS   : -33.000

Type  : Slow 1200mV 85C Model Minimum Pulse Width 'i2c_master:i2c_master_2|data_clk'
Slack : -1.000
TNS   : -33.000

Type  : Slow 1200mV 85C Model Minimum Pulse Width 'i2c_master:i2c_master_3|data_clk'
Slack : -1.000
TNS   : -33.000

Type  : Slow 1200mV 85C Model Minimum Pulse Width 'i2c_master:i2c_master_4|data_clk'
Slack : -1.000
TNS   : -33.000

Type  : Slow 1200mV 85C Model Minimum Pulse Width 'i2c_master:i2c_master_5|data_clk'
Slack : -1.000
TNS   : -33.000

Type  : Slow 1200mV 85C Model Minimum Pulse Width 'i2c_master:i2c_master_6|data_clk'
Slack : -1.000
TNS   : -33.000

Type  : Slow 1200mV 85C Model Minimum Pulse Width 'i2c_master:i2c_master_7|data_clk'
Slack : -1.000
TNS   : -33.000

Type  : Slow 1200mV 85C Model Minimum Pulse Width 'i2c_master:i2c_master_8|data_clk'
Slack : -1.000
TNS   : -33.000

Type  : Slow 1200mV 85C Model Minimum Pulse Width 'i2c_master:i2c_master_9|data_clk'
Slack : -1.000
TNS   : -33.000

Type  : Slow 1200mV 0C Model Setup 'I2C_CH_SCHED:I2C_CH_SCHED_0|SCH_LP_REQ'
Slack : -27.630
TNS   : -3599.323

Type  : Slow 1200mV 0C Model Setup 'CLK'
Slack : -8.019
TNS   : -29628.372

Type  : Slow 1200mV 0C Model Setup 'i2c_master:i2c_master_12|data_clk'
Slack : -2.720
TNS   : -50.937

Type  : Slow 1200mV 0C Model Setup 'i2c_master:i2c_master_15|data_clk'
Slack : -2.669
TNS   : -50.034

Type  : Slow 1200mV 0C Model Setup 'i2c_master:i2c_master_11|data_clk'
Slack : -2.546
TNS   : -40.726

Type  : Slow 1200mV 0C Model Setup 'i2c_master:i2c_master_14|data_clk'
Slack : -2.544
TNS   : -43.888

Type  : Slow 1200mV 0C Model Setup 'i2c_master:i2c_master_0|data_clk'
Slack : -2.435
TNS   : -44.525

Type  : Slow 1200mV 0C Model Setup 'i2c_master:i2c_master_1|data_clk'
Slack : -2.402
TNS   : -41.662

Type  : Slow 1200mV 0C Model Setup 'i2c_master:i2c_master_13|data_clk'
Slack : -2.371
TNS   : -41.116

Type  : Slow 1200mV 0C Model Setup 'i2c_master:i2c_master_3|data_clk'
Slack : -2.137
TNS   : -40.072

Type  : Slow 1200mV 0C Model Setup 'i2c_master:i2c_master_5|data_clk'
Slack : -1.917
TNS   : -39.082

Type  : Slow 1200mV 0C Model Setup 'i2c_master:i2c_master_6|data_clk'
Slack : -1.917
TNS   : -36.073

Type  : Slow 1200mV 0C Model Setup 'i2c_master:i2c_master_2|data_clk'
Slack : -1.855
TNS   : -40.158

Type  : Slow 1200mV 0C Model Setup 'i2c_master:i2c_master_8|data_clk'
Slack : -1.775
TNS   : -29.677

Type  : Slow 1200mV 0C Model Setup 'i2c_master:i2c_master_10|data_clk'
Slack : -1.661
TNS   : -37.397

Type  : Slow 1200mV 0C Model Setup 'i2c_master:i2c_master_4|data_clk'
Slack : -1.620
TNS   : -36.509

Type  : Slow 1200mV 0C Model Setup 'i2c_master:i2c_master_7|data_clk'
Slack : -1.614
TNS   : -32.490

Type  : Slow 1200mV 0C Model Setup 'i2c_master:i2c_master_9|data_clk'
Slack : -1.496
TNS   : -27.280

Type  : Slow 1200mV 0C Model Hold 'CLK'
Slack : -0.242
TNS   : -0.242

Type  : Slow 1200mV 0C Model Hold 'i2c_master:i2c_master_2|data_clk'
Slack : 0.143
TNS   : 0.000

Type  : Slow 1200mV 0C Model Hold 'i2c_master:i2c_master_3|data_clk'
Slack : 0.262
TNS   : 0.000

Type  : Slow 1200mV 0C Model Hold 'i2c_master:i2c_master_8|data_clk'
Slack : 0.275
TNS   : 0.000

Type  : Slow 1200mV 0C Model Hold 'i2c_master:i2c_master_4|data_clk'
Slack : 0.298
TNS   : 0.000

Type  : Slow 1200mV 0C Model Hold 'i2c_master:i2c_master_12|data_clk'
Slack : 0.300
TNS   : 0.000

Type  : Slow 1200mV 0C Model Hold 'i2c_master:i2c_master_15|data_clk'
Slack : 0.301
TNS   : 0.000

Type  : Slow 1200mV 0C Model Hold 'i2c_master:i2c_master_9|data_clk'
Slack : 0.310
TNS   : 0.000

Type  : Slow 1200mV 0C Model Hold 'i2c_master:i2c_master_10|data_clk'
Slack : 0.311
TNS   : 0.000

Type  : Slow 1200mV 0C Model Hold 'i2c_master:i2c_master_11|data_clk'
Slack : 0.311
TNS   : 0.000

Type  : Slow 1200mV 0C Model Hold 'i2c_master:i2c_master_6|data_clk'
Slack : 0.311
TNS   : 0.000

Type  : Slow 1200mV 0C Model Hold 'i2c_master:i2c_master_7|data_clk'
Slack : 0.311
TNS   : 0.000

Type  : Slow 1200mV 0C Model Hold 'i2c_master:i2c_master_0|data_clk'
Slack : 0.312
TNS   : 0.000

Type  : Slow 1200mV 0C Model Hold 'i2c_master:i2c_master_13|data_clk'
Slack : 0.312
TNS   : 0.000

Type  : Slow 1200mV 0C Model Hold 'i2c_master:i2c_master_14|data_clk'
Slack : 0.312
TNS   : 0.000

Type  : Slow 1200mV 0C Model Hold 'i2c_master:i2c_master_1|data_clk'
Slack : 0.312
TNS   : 0.000

Type  : Slow 1200mV 0C Model Hold 'i2c_master:i2c_master_5|data_clk'
Slack : 0.312
TNS   : 0.000

Type  : Slow 1200mV 0C Model Hold 'I2C_CH_SCHED:I2C_CH_SCHED_0|SCH_LP_REQ'
Slack : 0.356
TNS   : 0.000

Type  : Slow 1200mV 0C Model Recovery 'i2c_master:i2c_master_12|data_clk'
Slack : -1.588
TNS   : -33.898

Type  : Slow 1200mV 0C Model Recovery 'i2c_master:i2c_master_14|data_clk'
Slack : -1.570
TNS   : -33.622

Type  : Slow 1200mV 0C Model Recovery 'CLK'
Slack : -1.461
TNS   : -6084.520

Type  : Slow 1200mV 0C Model Recovery 'i2c_master:i2c_master_13|data_clk'
Slack : -1.399
TNS   : -28.781

Type  : Slow 1200mV 0C Model Recovery 'i2c_master:i2c_master_1|data_clk'
Slack : -1.387
TNS   : -29.175

Type  : Slow 1200mV 0C Model Recovery 'i2c_master:i2c_master_6|data_clk'
Slack : -1.380
TNS   : -29.072

Type  : Slow 1200mV 0C Model Recovery 'i2c_master:i2c_master_3|data_clk'
Slack : -1.238
TNS   : -25.949

Type  : Slow 1200mV 0C Model Recovery 'i2c_master:i2c_master_5|data_clk'
Slack : -1.228
TNS   : -25.650

Type  : Slow 1200mV 0C Model Recovery 'i2c_master:i2c_master_15|data_clk'
Slack : -1.006
TNS   : -20.288

Type  : Slow 1200mV 0C Model Recovery 'i2c_master:i2c_master_11|data_clk'
Slack : -0.991
TNS   : -20.083

Type  : Slow 1200mV 0C Model Recovery 'i2c_master:i2c_master_0|data_clk'
Slack : -0.856
TNS   : -17.179

Type  : Slow 1200mV 0C Model Recovery 'i2c_master:i2c_master_8|data_clk'
Slack : -0.779
TNS   : -15.108

Type  : Slow 1200mV 0C Model Recovery 'i2c_master:i2c_master_7|data_clk'
Slack : -0.749
TNS   : -14.665

Type  : Slow 1200mV 0C Model Recovery 'i2c_master:i2c_master_4|data_clk'
Slack : -0.680
TNS   : -12.659

Type  : Slow 1200mV 0C Model Recovery 'i2c_master:i2c_master_2|data_clk'
Slack : -0.619
TNS   : -11.456

Type  : Slow 1200mV 0C Model Recovery 'i2c_master:i2c_master_9|data_clk'
Slack : -0.516
TNS   : -11.579

Type  : Slow 1200mV 0C Model Recovery 'i2c_master:i2c_master_10|data_clk'
Slack : -0.395
TNS   : -9.077

Type  : Slow 1200mV 0C Model Removal 'i2c_master:i2c_master_9|data_clk'
Slack : 0.663
TNS   : 0.000

Type  : Slow 1200mV 0C Model Removal 'i2c_master:i2c_master_2|data_clk'
Slack : 0.715
TNS   : 0.000

Type  : Slow 1200mV 0C Model Removal 'i2c_master:i2c_master_4|data_clk'
Slack : 0.764
TNS   : 0.000

Type  : Slow 1200mV 0C Model Removal 'i2c_master:i2c_master_10|data_clk'
Slack : 0.837
TNS   : 0.000

Type  : Slow 1200mV 0C Model Removal 'i2c_master:i2c_master_7|data_clk'
Slack : 0.873
TNS   : 0.000

Type  : Slow 1200mV 0C Model Removal 'i2c_master:i2c_master_8|data_clk'
Slack : 0.882
TNS   : 0.000

Type  : Slow 1200mV 0C Model Removal 'i2c_master:i2c_master_0|data_clk'
Slack : 0.992
TNS   : 0.000

Type  : Slow 1200mV 0C Model Removal 'i2c_master:i2c_master_11|data_clk'
Slack : 1.108
TNS   : 0.000

Type  : Slow 1200mV 0C Model Removal 'i2c_master:i2c_master_15|data_clk'
Slack : 1.115
TNS   : 0.000

Type  : Slow 1200mV 0C Model Removal 'i2c_master:i2c_master_5|data_clk'
Slack : 1.349
TNS   : 0.000

Type  : Slow 1200mV 0C Model Removal 'i2c_master:i2c_master_3|data_clk'
Slack : 1.392
TNS   : 0.000

Type  : Slow 1200mV 0C Model Removal 'i2c_master:i2c_master_6|data_clk'
Slack : 1.507
TNS   : 0.000

Type  : Slow 1200mV 0C Model Removal 'i2c_master:i2c_master_1|data_clk'
Slack : 1.519
TNS   : 0.000

Type  : Slow 1200mV 0C Model Removal 'i2c_master:i2c_master_13|data_clk'
Slack : 1.554
TNS   : 0.000

Type  : Slow 1200mV 0C Model Removal 'CLK'
Slack : 1.627
TNS   : 0.000

Type  : Slow 1200mV 0C Model Removal 'i2c_master:i2c_master_14|data_clk'
Slack : 1.712
TNS   : 0.000

Type  : Slow 1200mV 0C Model Removal 'i2c_master:i2c_master_12|data_clk'
Slack : 1.746
TNS   : 0.000

Type  : Slow 1200mV 0C Model Minimum Pulse Width 'CLK'
Slack : -3.000
TNS   : -5561.000

Type  : Slow 1200mV 0C Model Minimum Pulse Width 'I2C_CH_SCHED:I2C_CH_SCHED_0|SCH_LP_REQ'
Slack : -1.000
TNS   : -5793.000

Type  : Slow 1200mV 0C Model Minimum Pulse Width 'i2c_master:i2c_master_0|data_clk'
Slack : -1.000
TNS   : -33.000

Type  : Slow 1200mV 0C Model Minimum Pulse Width 'i2c_master:i2c_master_10|data_clk'
Slack : -1.000
TNS   : -33.000

Type  : Slow 1200mV 0C Model Minimum Pulse Width 'i2c_master:i2c_master_11|data_clk'
Slack : -1.000
TNS   : -33.000

Type  : Slow 1200mV 0C Model Minimum Pulse Width 'i2c_master:i2c_master_12|data_clk'
Slack : -1.000
TNS   : -33.000

Type  : Slow 1200mV 0C Model Minimum Pulse Width 'i2c_master:i2c_master_13|data_clk'
Slack : -1.000
TNS   : -33.000

Type  : Slow 1200mV 0C Model Minimum Pulse Width 'i2c_master:i2c_master_14|data_clk'
Slack : -1.000
TNS   : -33.000

Type  : Slow 1200mV 0C Model Minimum Pulse Width 'i2c_master:i2c_master_15|data_clk'
Slack : -1.000
TNS   : -33.000

Type  : Slow 1200mV 0C Model Minimum Pulse Width 'i2c_master:i2c_master_1|data_clk'
Slack : -1.000
TNS   : -33.000

Type  : Slow 1200mV 0C Model Minimum Pulse Width 'i2c_master:i2c_master_2|data_clk'
Slack : -1.000
TNS   : -33.000

Type  : Slow 1200mV 0C Model Minimum Pulse Width 'i2c_master:i2c_master_3|data_clk'
Slack : -1.000
TNS   : -33.000

Type  : Slow 1200mV 0C Model Minimum Pulse Width 'i2c_master:i2c_master_4|data_clk'
Slack : -1.000
TNS   : -33.000

Type  : Slow 1200mV 0C Model Minimum Pulse Width 'i2c_master:i2c_master_5|data_clk'
Slack : -1.000
TNS   : -33.000

Type  : Slow 1200mV 0C Model Minimum Pulse Width 'i2c_master:i2c_master_6|data_clk'
Slack : -1.000
TNS   : -33.000

Type  : Slow 1200mV 0C Model Minimum Pulse Width 'i2c_master:i2c_master_7|data_clk'
Slack : -1.000
TNS   : -33.000

Type  : Slow 1200mV 0C Model Minimum Pulse Width 'i2c_master:i2c_master_8|data_clk'
Slack : -1.000
TNS   : -33.000

Type  : Slow 1200mV 0C Model Minimum Pulse Width 'i2c_master:i2c_master_9|data_clk'
Slack : -1.000
TNS   : -33.000

Type  : Fast 1200mV 0C Model Setup 'I2C_CH_SCHED:I2C_CH_SCHED_0|SCH_LP_REQ'
Slack : -17.051
TNS   : -1262.305

Type  : Fast 1200mV 0C Model Setup 'CLK'
Slack : -4.800
TNS   : -17107.593

Type  : Fast 1200mV 0C Model Setup 'i2c_master:i2c_master_12|data_clk'
Slack : -1.556
TNS   : -22.564

Type  : Fast 1200mV 0C Model Setup 'i2c_master:i2c_master_14|data_clk'
Slack : -1.444
TNS   : -17.976

Type  : Fast 1200mV 0C Model Setup 'i2c_master:i2c_master_11|data_clk'
Slack : -1.437
TNS   : -15.698

Type  : Fast 1200mV 0C Model Setup 'i2c_master:i2c_master_15|data_clk'
Slack : -1.396
TNS   : -22.559

Type  : Fast 1200mV 0C Model Setup 'i2c_master:i2c_master_1|data_clk'
Slack : -1.335
TNS   : -16.822

Type  : Fast 1200mV 0C Model Setup 'i2c_master:i2c_master_13|data_clk'
Slack : -1.322
TNS   : -16.044

Type  : Fast 1200mV 0C Model Setup 'i2c_master:i2c_master_0|data_clk'
Slack : -1.244
TNS   : -18.527

Type  : Fast 1200mV 0C Model Setup 'i2c_master:i2c_master_3|data_clk'
Slack : -1.128
TNS   : -15.071

Type  : Fast 1200mV 0C Model Setup 'i2c_master:i2c_master_6|data_clk'
Slack : -0.997
TNS   : -12.760

Type  : Fast 1200mV 0C Model Setup 'i2c_master:i2c_master_5|data_clk'
Slack : -0.980
TNS   : -14.611

Type  : Fast 1200mV 0C Model Setup 'i2c_master:i2c_master_8|data_clk'
Slack : -0.795
TNS   : -8.236

Type  : Fast 1200mV 0C Model Setup 'i2c_master:i2c_master_2|data_clk'
Slack : -0.775
TNS   : -15.733

Type  : Fast 1200mV 0C Model Setup 'i2c_master:i2c_master_10|data_clk'
Slack : -0.723
TNS   : -12.872

Type  : Fast 1200mV 0C Model Setup 'i2c_master:i2c_master_4|data_clk'
Slack : -0.698
TNS   : -12.726

Type  : Fast 1200mV 0C Model Setup 'i2c_master:i2c_master_7|data_clk'
Slack : -0.690
TNS   : -9.948

Type  : Fast 1200mV 0C Model Setup 'i2c_master:i2c_master_9|data_clk'
Slack : -0.544
TNS   : -6.576

Type  : Fast 1200mV 0C Model Hold 'CLK'
Slack : -0.237
TNS   : -0.237

Type  : Fast 1200mV 0C Model Hold 'i2c_master:i2c_master_2|data_clk'
Slack : -0.030
TNS   : -0.030

Type  : Fast 1200mV 0C Model Hold 'i2c_master:i2c_master_8|data_clk'
Slack : 0.043
TNS   : 0.000

Type  : Fast 1200mV 0C Model Hold 'i2c_master:i2c_master_9|data_clk'
Slack : 0.065
TNS   : 0.000

Type  : Fast 1200mV 0C Model Hold 'i2c_master:i2c_master_3|data_clk'
Slack : 0.074
TNS   : 0.000

Type  : Fast 1200mV 0C Model Hold 'i2c_master:i2c_master_4|data_clk'
Slack : 0.088
TNS   : 0.000

Type  : Fast 1200mV 0C Model Hold 'i2c_master:i2c_master_10|data_clk'
Slack : 0.125
TNS   : 0.000

Type  : Fast 1200mV 0C Model Hold 'i2c_master:i2c_master_7|data_clk'
Slack : 0.132
TNS   : 0.000

Type  : Fast 1200mV 0C Model Hold 'i2c_master:i2c_master_12|data_clk'
Slack : 0.176
TNS   : 0.000

Type  : Fast 1200mV 0C Model Hold 'i2c_master:i2c_master_15|data_clk'
Slack : 0.178
TNS   : 0.000

Type  : Fast 1200mV 0C Model Hold 'i2c_master:i2c_master_0|data_clk'
Slack : 0.181
TNS   : 0.000

Type  : Fast 1200mV 0C Model Hold 'i2c_master:i2c_master_1|data_clk'
Slack : 0.184
TNS   : 0.000

Type  : Fast 1200mV 0C Model Hold 'i2c_master:i2c_master_6|data_clk'
Slack : 0.184
TNS   : 0.000

Type  : Fast 1200mV 0C Model Hold 'i2c_master:i2c_master_11|data_clk'
Slack : 0.185
TNS   : 0.000

Type  : Fast 1200mV 0C Model Hold 'i2c_master:i2c_master_13|data_clk'
Slack : 0.185
TNS   : 0.000

Type  : Fast 1200mV 0C Model Hold 'i2c_master:i2c_master_14|data_clk'
Slack : 0.185
TNS   : 0.000

Type  : Fast 1200mV 0C Model Hold 'i2c_master:i2c_master_5|data_clk'
Slack : 0.185
TNS   : 0.000

Type  : Fast 1200mV 0C Model Hold 'I2C_CH_SCHED:I2C_CH_SCHED_0|SCH_LP_REQ'
Slack : 0.205
TNS   : 0.000

Type  : Fast 1200mV 0C Model Recovery 'i2c_master:i2c_master_12|data_clk'
Slack : -0.672
TNS   : -13.885

Type  : Fast 1200mV 0C Model Recovery 'i2c_master:i2c_master_14|data_clk'
Slack : -0.655
TNS   : -13.573

Type  : Fast 1200mV 0C Model Recovery 'CLK'
Slack : -0.647
TNS   : -2407.687

Type  : Fast 1200mV 0C Model Recovery 'i2c_master:i2c_master_13|data_clk'
Slack : -0.554
TNS   : -10.694

Type  : Fast 1200mV 0C Model Recovery 'i2c_master:i2c_master_1|data_clk'
Slack : -0.545
TNS   : -10.924

Type  : Fast 1200mV 0C Model Recovery 'i2c_master:i2c_master_6|data_clk'
Slack : -0.535
TNS   : -10.733

Type  : Fast 1200mV 0C Model Recovery 'i2c_master:i2c_master_5|data_clk'
Slack : -0.465
TNS   : -9.162

Type  : Fast 1200mV 0C Model Recovery 'i2c_master:i2c_master_3|data_clk'
Slack : -0.444
TNS   : -8.708

Type  : Fast 1200mV 0C Model Recovery 'i2c_master:i2c_master_15|data_clk'
Slack : -0.336
TNS   : -6.038

Type  : Fast 1200mV 0C Model Recovery 'i2c_master:i2c_master_11|data_clk'
Slack : -0.298
TNS   : -5.232

Type  : Fast 1200mV 0C Model Recovery 'i2c_master:i2c_master_0|data_clk'
Slack : -0.227
TNS   : -3.695

Type  : Fast 1200mV 0C Model Recovery 'i2c_master:i2c_master_7|data_clk'
Slack : -0.178
TNS   : -2.665

Type  : Fast 1200mV 0C Model Recovery 'i2c_master:i2c_master_8|data_clk'
Slack : -0.166
TNS   : -2.400

Type  : Fast 1200mV 0C Model Recovery 'i2c_master:i2c_master_4|data_clk'
Slack : -0.123
TNS   : -1.771

Type  : Fast 1200mV 0C Model Recovery 'i2c_master:i2c_master_2|data_clk'
Slack : -0.066
TNS   : -0.982

Type  : Fast 1200mV 0C Model Recovery 'i2c_master:i2c_master_9|data_clk'
Slack : 0.025
TNS   : 0.000

Type  : Fast 1200mV 0C Model Recovery 'i2c_master:i2c_master_10|data_clk'
Slack : 0.108
TNS   : 0.000

Type  : Fast 1200mV 0C Model Removal 'i2c_master:i2c_master_9|data_clk'
Slack : 0.376
TNS   : 0.000

Type  : Fast 1200mV 0C Model Removal 'i2c_master:i2c_master_2|data_clk'
Slack : 0.444
TNS   : 0.000

Type  : Fast 1200mV 0C Model Removal 'i2c_master:i2c_master_10|data_clk'
Slack : 0.471
TNS   : 0.000

Type  : Fast 1200mV 0C Model Removal 'i2c_master:i2c_master_4|data_clk'
Slack : 0.492
TNS   : 0.000

Type  : Fast 1200mV 0C Model Removal 'i2c_master:i2c_master_8|data_clk'
Slack : 0.547
TNS   : 0.000

Type  : Fast 1200mV 0C Model Removal 'i2c_master:i2c_master_7|data_clk'
Slack : 0.571
TNS   : 0.000

Type  : Fast 1200mV 0C Model Removal 'i2c_master:i2c_master_0|data_clk'
Slack : 0.625
TNS   : 0.000

Type  : Fast 1200mV 0C Model Removal 'i2c_master:i2c_master_11|data_clk'
Slack : 0.685
TNS   : 0.000

Type  : Fast 1200mV 0C Model Removal 'i2c_master:i2c_master_15|data_clk'
Slack : 0.721
TNS   : 0.000

Type  : Fast 1200mV 0C Model Removal 'i2c_master:i2c_master_3|data_clk'
Slack : 0.851
TNS   : 0.000

Type  : Fast 1200mV 0C Model Removal 'i2c_master:i2c_master_5|data_clk'
Slack : 0.860
TNS   : 0.000

Type  : Fast 1200mV 0C Model Removal 'i2c_master:i2c_master_6|data_clk'
Slack : 0.931
TNS   : 0.000

Type  : Fast 1200mV 0C Model Removal 'i2c_master:i2c_master_1|data_clk'
Slack : 0.942
TNS   : 0.000

Type  : Fast 1200mV 0C Model Removal 'i2c_master:i2c_master_13|data_clk'
Slack : 0.962
TNS   : 0.000

Type  : Fast 1200mV 0C Model Removal 'i2c_master:i2c_master_14|data_clk'
Slack : 1.058
TNS   : 0.000

Type  : Fast 1200mV 0C Model Removal 'CLK'
Slack : 1.080
TNS   : 0.000

Type  : Fast 1200mV 0C Model Removal 'i2c_master:i2c_master_12|data_clk'
Slack : 1.081
TNS   : 0.000

Type  : Fast 1200mV 0C Model Minimum Pulse Width 'CLK'
Slack : -3.000
TNS   : -5987.722

Type  : Fast 1200mV 0C Model Minimum Pulse Width 'I2C_CH_SCHED:I2C_CH_SCHED_0|SCH_LP_REQ'
Slack : -1.000
TNS   : -5793.000

Type  : Fast 1200mV 0C Model Minimum Pulse Width 'i2c_master:i2c_master_0|data_clk'
Slack : -1.000
TNS   : -33.000

Type  : Fast 1200mV 0C Model Minimum Pulse Width 'i2c_master:i2c_master_10|data_clk'
Slack : -1.000
TNS   : -33.000

Type  : Fast 1200mV 0C Model Minimum Pulse Width 'i2c_master:i2c_master_11|data_clk'
Slack : -1.000
TNS   : -33.000

Type  : Fast 1200mV 0C Model Minimum Pulse Width 'i2c_master:i2c_master_12|data_clk'
Slack : -1.000
TNS   : -33.000

Type  : Fast 1200mV 0C Model Minimum Pulse Width 'i2c_master:i2c_master_13|data_clk'
Slack : -1.000
TNS   : -33.000

Type  : Fast 1200mV 0C Model Minimum Pulse Width 'i2c_master:i2c_master_14|data_clk'
Slack : -1.000
TNS   : -33.000

Type  : Fast 1200mV 0C Model Minimum Pulse Width 'i2c_master:i2c_master_15|data_clk'
Slack : -1.000
TNS   : -33.000

Type  : Fast 1200mV 0C Model Minimum Pulse Width 'i2c_master:i2c_master_1|data_clk'
Slack : -1.000
TNS   : -33.000

Type  : Fast 1200mV 0C Model Minimum Pulse Width 'i2c_master:i2c_master_2|data_clk'
Slack : -1.000
TNS   : -33.000

Type  : Fast 1200mV 0C Model Minimum Pulse Width 'i2c_master:i2c_master_3|data_clk'
Slack : -1.000
TNS   : -33.000

Type  : Fast 1200mV 0C Model Minimum Pulse Width 'i2c_master:i2c_master_4|data_clk'
Slack : -1.000
TNS   : -33.000

Type  : Fast 1200mV 0C Model Minimum Pulse Width 'i2c_master:i2c_master_5|data_clk'
Slack : -1.000
TNS   : -33.000

Type  : Fast 1200mV 0C Model Minimum Pulse Width 'i2c_master:i2c_master_6|data_clk'
Slack : -1.000
TNS   : -33.000

Type  : Fast 1200mV 0C Model Minimum Pulse Width 'i2c_master:i2c_master_7|data_clk'
Slack : -1.000
TNS   : -33.000

Type  : Fast 1200mV 0C Model Minimum Pulse Width 'i2c_master:i2c_master_8|data_clk'
Slack : -1.000
TNS   : -33.000

Type  : Fast 1200mV 0C Model Minimum Pulse Width 'i2c_master:i2c_master_9|data_clk'
Slack : -1.000
TNS   : -33.000

------------------------------------------------------------
