------------------------------------------------------------
TimeQuest Timing Analyzer Summary
------------------------------------------------------------

Type  : Slow 1200mV 85C Model Setup 'CLK'
Slack : -9.741
TNS   : -71908.528

Type  : Slow 1200mV 85C Model Setup 'i2c_master:i2c_master_9|data_clk'
Slack : -4.044
TNS   : -67.748

Type  : Slow 1200mV 85C Model Setup 'i2c_master:i2c_master_30|data_clk'
Slack : -4.029
TNS   : -69.903

Type  : Slow 1200mV 85C Model Setup 'i2c_master:i2c_master_5|data_clk'
Slack : -3.547
TNS   : -71.974

Type  : Slow 1200mV 85C Model Setup 'i2c_master:i2c_master_27|data_clk'
Slack : -3.480
TNS   : -74.051

Type  : Slow 1200mV 85C Model Setup 'i2c_master:i2c_master_29|data_clk'
Slack : -3.477
TNS   : -74.108

Type  : Slow 1200mV 85C Model Setup 'i2c_master:i2c_master_28|data_clk'
Slack : -3.465
TNS   : -64.121

Type  : Slow 1200mV 85C Model Setup 'i2c_master:i2c_master_2|data_clk'
Slack : -3.366
TNS   : -69.723

Type  : Slow 1200mV 85C Model Setup 'i2c_master:i2c_master_6|data_clk'
Slack : -3.355
TNS   : -71.230

Type  : Slow 1200mV 85C Model Setup 'i2c_master:i2c_master_31|data_clk'
Slack : -3.215
TNS   : -66.967

Type  : Slow 1200mV 85C Model Setup 'i2c_master:i2c_master_4|data_clk'
Slack : -2.923
TNS   : -65.356

Type  : Slow 1200mV 85C Model Setup 'i2c_master:i2c_master_15|data_clk'
Slack : -2.889
TNS   : -61.210

Type  : Slow 1200mV 85C Model Setup 'i2c_master:i2c_master_3|data_clk'
Slack : -2.599
TNS   : -54.945

Type  : Slow 1200mV 85C Model Setup 'i2c_master:i2c_master_11|data_clk'
Slack : -2.587
TNS   : -47.923

Type  : Slow 1200mV 85C Model Setup 'i2c_master:i2c_master_8|data_clk'
Slack : -2.583
TNS   : -61.589

Type  : Slow 1200mV 85C Model Setup 'i2c_master:i2c_master_19|data_clk'
Slack : -2.525
TNS   : -47.707

Type  : Slow 1200mV 85C Model Setup 'i2c_master:i2c_master_13|data_clk'
Slack : -2.490
TNS   : -50.327

Type  : Slow 1200mV 85C Model Setup 'i2c_master:i2c_master_24|data_clk'
Slack : -2.431
TNS   : -44.692

Type  : Slow 1200mV 85C Model Setup 'i2c_master:i2c_master_7|data_clk'
Slack : -2.425
TNS   : -52.958

Type  : Slow 1200mV 85C Model Setup 'i2c_master:i2c_master_22|data_clk'
Slack : -2.347
TNS   : -52.677

Type  : Slow 1200mV 85C Model Setup 'i2c_master:i2c_master_25|data_clk'
Slack : -2.308
TNS   : -42.003

Type  : Slow 1200mV 85C Model Setup 'i2c_master:i2c_master_26|data_clk'
Slack : -2.279
TNS   : -42.620

Type  : Slow 1200mV 85C Model Setup 'i2c_master:i2c_master_23|data_clk'
Slack : -2.264
TNS   : -45.674

Type  : Slow 1200mV 85C Model Setup 'i2c_master:i2c_master_21|data_clk'
Slack : -2.233
TNS   : -48.306

Type  : Slow 1200mV 85C Model Setup 'i2c_master:i2c_master_1|data_clk'
Slack : -2.199
TNS   : -39.468

Type  : Slow 1200mV 85C Model Setup 'i2c_master:i2c_master_12|data_clk'
Slack : -2.182
TNS   : -43.626

Type  : Slow 1200mV 85C Model Setup 'i2c_master:i2c_master_10|data_clk'
Slack : -2.175
TNS   : -40.198

Type  : Slow 1200mV 85C Model Setup 'i2c_master:i2c_master_14|data_clk'
Slack : -2.127
TNS   : -43.307

Type  : Slow 1200mV 85C Model Setup 'i2c_master:i2c_master_18|data_clk'
Slack : -2.055
TNS   : -37.238

Type  : Slow 1200mV 85C Model Setup 'i2c_master:i2c_master_17|data_clk'
Slack : -1.972
TNS   : -43.286

Type  : Slow 1200mV 85C Model Setup 'i2c_master:i2c_master_16|data_clk'
Slack : -1.943
TNS   : -35.960

Type  : Slow 1200mV 85C Model Setup 'i2c_master:i2c_master_20|data_clk'
Slack : -1.940
TNS   : -44.811

Type  : Slow 1200mV 85C Model Setup 'i2c_master:i2c_master_0|data_clk'
Slack : -1.727
TNS   : -38.242

Type  : Slow 1200mV 85C Model Hold 'i2c_master:i2c_master_12|data_clk'
Slack : 0.080
TNS   : 0.000

Type  : Slow 1200mV 85C Model Hold 'i2c_master:i2c_master_0|data_clk'
Slack : 0.193
TNS   : 0.000

Type  : Slow 1200mV 85C Model Hold 'i2c_master:i2c_master_1|data_clk'
Slack : 0.243
TNS   : 0.000

Type  : Slow 1200mV 85C Model Hold 'CLK'
Slack : 0.270
TNS   : 0.000

Type  : Slow 1200mV 85C Model Hold 'i2c_master:i2c_master_25|data_clk'
Slack : 0.291
TNS   : 0.000

Type  : Slow 1200mV 85C Model Hold 'i2c_master:i2c_master_17|data_clk'
Slack : 0.302
TNS   : 0.000

Type  : Slow 1200mV 85C Model Hold 'i2c_master:i2c_master_20|data_clk'
Slack : 0.309
TNS   : 0.000

Type  : Slow 1200mV 85C Model Hold 'i2c_master:i2c_master_13|data_clk'
Slack : 0.341
TNS   : 0.000

Type  : Slow 1200mV 85C Model Hold 'i2c_master:i2c_master_19|data_clk'
Slack : 0.342
TNS   : 0.000

Type  : Slow 1200mV 85C Model Hold 'i2c_master:i2c_master_24|data_clk'
Slack : 0.342
TNS   : 0.000

Type  : Slow 1200mV 85C Model Hold 'i2c_master:i2c_master_14|data_clk'
Slack : 0.343
TNS   : 0.000

Type  : Slow 1200mV 85C Model Hold 'i2c_master:i2c_master_18|data_clk'
Slack : 0.343
TNS   : 0.000

Type  : Slow 1200mV 85C Model Hold 'i2c_master:i2c_master_23|data_clk'
Slack : 0.343
TNS   : 0.000

Type  : Slow 1200mV 85C Model Hold 'i2c_master:i2c_master_10|data_clk'
Slack : 0.354
TNS   : 0.000

Type  : Slow 1200mV 85C Model Hold 'i2c_master:i2c_master_11|data_clk'
Slack : 0.356
TNS   : 0.000

Type  : Slow 1200mV 85C Model Hold 'i2c_master:i2c_master_21|data_clk'
Slack : 0.356
TNS   : 0.000

Type  : Slow 1200mV 85C Model Hold 'i2c_master:i2c_master_15|data_clk'
Slack : 0.357
TNS   : 0.000

Type  : Slow 1200mV 85C Model Hold 'i2c_master:i2c_master_16|data_clk'
Slack : 0.357
TNS   : 0.000

Type  : Slow 1200mV 85C Model Hold 'i2c_master:i2c_master_22|data_clk'
Slack : 0.357
TNS   : 0.000

Type  : Slow 1200mV 85C Model Hold 'i2c_master:i2c_master_26|data_clk'
Slack : 0.357
TNS   : 0.000

Type  : Slow 1200mV 85C Model Hold 'i2c_master:i2c_master_9|data_clk'
Slack : 0.359
TNS   : 0.000

Type  : Slow 1200mV 85C Model Hold 'i2c_master:i2c_master_2|data_clk'
Slack : 0.365
TNS   : 0.000

Type  : Slow 1200mV 85C Model Hold 'i2c_master:i2c_master_27|data_clk'
Slack : 0.381
TNS   : 0.000

Type  : Slow 1200mV 85C Model Hold 'i2c_master:i2c_master_28|data_clk'
Slack : 0.381
TNS   : 0.000

Type  : Slow 1200mV 85C Model Hold 'i2c_master:i2c_master_29|data_clk'
Slack : 0.381
TNS   : 0.000

Type  : Slow 1200mV 85C Model Hold 'i2c_master:i2c_master_30|data_clk'
Slack : 0.381
TNS   : 0.000

Type  : Slow 1200mV 85C Model Hold 'i2c_master:i2c_master_31|data_clk'
Slack : 0.381
TNS   : 0.000

Type  : Slow 1200mV 85C Model Hold 'i2c_master:i2c_master_3|data_clk'
Slack : 0.381
TNS   : 0.000

Type  : Slow 1200mV 85C Model Hold 'i2c_master:i2c_master_4|data_clk'
Slack : 0.381
TNS   : 0.000

Type  : Slow 1200mV 85C Model Hold 'i2c_master:i2c_master_5|data_clk'
Slack : 0.381
TNS   : 0.000

Type  : Slow 1200mV 85C Model Hold 'i2c_master:i2c_master_6|data_clk'
Slack : 0.381
TNS   : 0.000

Type  : Slow 1200mV 85C Model Hold 'i2c_master:i2c_master_7|data_clk'
Slack : 0.381
TNS   : 0.000

Type  : Slow 1200mV 85C Model Hold 'i2c_master:i2c_master_8|data_clk'
Slack : 0.381
TNS   : 0.000

Type  : Slow 1200mV 85C Model Recovery 'i2c_master:i2c_master_6|data_clk'
Slack : -3.359
TNS   : -69.368

Type  : Slow 1200mV 85C Model Recovery 'i2c_master:i2c_master_29|data_clk'
Slack : -3.303
TNS   : -70.561

Type  : Slow 1200mV 85C Model Recovery 'i2c_master:i2c_master_28|data_clk'
Slack : -3.228
TNS   : -66.772

Type  : Slow 1200mV 85C Model Recovery 'i2c_master:i2c_master_5|data_clk'
Slack : -3.147
TNS   : -68.465

Type  : Slow 1200mV 85C Model Recovery 'i2c_master:i2c_master_9|data_clk'
Slack : -3.136
TNS   : -58.259

Type  : Slow 1200mV 85C Model Recovery 'i2c_master:i2c_master_30|data_clk'
Slack : -3.124
TNS   : -68.096

Type  : Slow 1200mV 85C Model Recovery 'i2c_master:i2c_master_27|data_clk'
Slack : -3.053
TNS   : -68.692

Type  : Slow 1200mV 85C Model Recovery 'i2c_master:i2c_master_2|data_clk'
Slack : -3.024
TNS   : -66.373

Type  : Slow 1200mV 85C Model Recovery 'i2c_master:i2c_master_31|data_clk'
Slack : -2.971
TNS   : -59.107

Type  : Slow 1200mV 85C Model Recovery 'i2c_master:i2c_master_4|data_clk'
Slack : -2.731
TNS   : -59.205

Type  : Slow 1200mV 85C Model Recovery 'CLK'
Slack : -2.415
TNS   : -20544.603

Type  : Slow 1200mV 85C Model Recovery 'i2c_master:i2c_master_11|data_clk'
Slack : -2.116
TNS   : -39.716

Type  : Slow 1200mV 85C Model Recovery 'i2c_master:i2c_master_3|data_clk'
Slack : -2.094
TNS   : -41.944

Type  : Slow 1200mV 85C Model Recovery 'i2c_master:i2c_master_22|data_clk'
Slack : -2.090
TNS   : -45.272

Type  : Slow 1200mV 85C Model Recovery 'i2c_master:i2c_master_13|data_clk'
Slack : -2.046
TNS   : -42.153

Type  : Slow 1200mV 85C Model Recovery 'i2c_master:i2c_master_19|data_clk'
Slack : -2.022
TNS   : -43.068

Type  : Slow 1200mV 85C Model Recovery 'i2c_master:i2c_master_8|data_clk'
Slack : -1.816
TNS   : -36.974

Type  : Slow 1200mV 85C Model Recovery 'i2c_master:i2c_master_24|data_clk'
Slack : -1.778
TNS   : -37.220

Type  : Slow 1200mV 85C Model Recovery 'i2c_master:i2c_master_26|data_clk'
Slack : -1.653
TNS   : -34.534

Type  : Slow 1200mV 85C Model Recovery 'i2c_master:i2c_master_7|data_clk'
Slack : -1.645
TNS   : -28.802

Type  : Slow 1200mV 85C Model Recovery 'i2c_master:i2c_master_23|data_clk'
Slack : -1.616
TNS   : -31.902

Type  : Slow 1200mV 85C Model Recovery 'i2c_master:i2c_master_21|data_clk'
Slack : -1.526
TNS   : -31.908

Type  : Slow 1200mV 85C Model Recovery 'i2c_master:i2c_master_12|data_clk'
Slack : -1.526
TNS   : -30.073

Type  : Slow 1200mV 85C Model Recovery 'i2c_master:i2c_master_17|data_clk'
Slack : -1.402
TNS   : -29.036

Type  : Slow 1200mV 85C Model Recovery 'i2c_master:i2c_master_20|data_clk'
Slack : -1.314
TNS   : -29.214

Type  : Slow 1200mV 85C Model Recovery 'i2c_master:i2c_master_25|data_clk'
Slack : -1.294
TNS   : -26.887

Type  : Slow 1200mV 85C Model Recovery 'i2c_master:i2c_master_15|data_clk'
Slack : -1.292
TNS   : -22.136

Type  : Slow 1200mV 85C Model Recovery 'i2c_master:i2c_master_10|data_clk'
Slack : -1.264
TNS   : -23.998

Type  : Slow 1200mV 85C Model Recovery 'i2c_master:i2c_master_18|data_clk'
Slack : -1.234
TNS   : -24.112

Type  : Slow 1200mV 85C Model Recovery 'i2c_master:i2c_master_16|data_clk'
Slack : -1.176
TNS   : -23.165

Type  : Slow 1200mV 85C Model Recovery 'i2c_master:i2c_master_1|data_clk'
Slack : -1.036
TNS   : -17.556

Type  : Slow 1200mV 85C Model Recovery 'i2c_master:i2c_master_14|data_clk'
Slack : -1.032
TNS   : -21.072

Type  : Slow 1200mV 85C Model Recovery 'i2c_master:i2c_master_0|data_clk'
Slack : -0.963
TNS   : -18.499

Type  : Slow 1200mV 85C Model Removal 'i2c_master:i2c_master_0|data_clk'
Slack : 0.768
TNS   : 0.000

Type  : Slow 1200mV 85C Model Removal 'i2c_master:i2c_master_1|data_clk'
Slack : 0.790
TNS   : 0.000

Type  : Slow 1200mV 85C Model Removal 'i2c_master:i2c_master_14|data_clk'
Slack : 0.924
TNS   : 0.000

Type  : Slow 1200mV 85C Model Removal 'i2c_master:i2c_master_15|data_clk'
Slack : 0.940
TNS   : 0.000

Type  : Slow 1200mV 85C Model Removal 'i2c_master:i2c_master_16|data_clk'
Slack : 1.030
TNS   : 0.000

Type  : Slow 1200mV 85C Model Removal 'i2c_master:i2c_master_18|data_clk'
Slack : 1.092
TNS   : 0.000

Type  : Slow 1200mV 85C Model Removal 'i2c_master:i2c_master_10|data_clk'
Slack : 1.148
TNS   : 0.000

Type  : Slow 1200mV 85C Model Removal 'i2c_master:i2c_master_25|data_clk'
Slack : 1.227
TNS   : 0.000

Type  : Slow 1200mV 85C Model Removal 'i2c_master:i2c_master_12|data_clk'
Slack : 1.330
TNS   : 0.000

Type  : Slow 1200mV 85C Model Removal 'CLK'
Slack : 1.374
TNS   : 0.000

Type  : Slow 1200mV 85C Model Removal 'i2c_master:i2c_master_23|data_clk'
Slack : 1.399
TNS   : 0.000

Type  : Slow 1200mV 85C Model Removal 'i2c_master:i2c_master_20|data_clk'
Slack : 1.437
TNS   : 0.000

Type  : Slow 1200mV 85C Model Removal 'i2c_master:i2c_master_7|data_clk'
Slack : 1.449
TNS   : 0.000

Type  : Slow 1200mV 85C Model Removal 'i2c_master:i2c_master_17|data_clk'
Slack : 1.524
TNS   : 0.000

Type  : Slow 1200mV 85C Model Removal 'i2c_master:i2c_master_26|data_clk'
Slack : 1.527
TNS   : 0.000

Type  : Slow 1200mV 85C Model Removal 'i2c_master:i2c_master_21|data_clk'
Slack : 1.558
TNS   : 0.000

Type  : Slow 1200mV 85C Model Removal 'i2c_master:i2c_master_24|data_clk'
Slack : 1.670
TNS   : 0.000

Type  : Slow 1200mV 85C Model Removal 'i2c_master:i2c_master_11|data_clk'
Slack : 1.782
TNS   : 0.000

Type  : Slow 1200mV 85C Model Removal 'i2c_master:i2c_master_8|data_clk'
Slack : 1.830
TNS   : 0.000

Type  : Slow 1200mV 85C Model Removal 'i2c_master:i2c_master_13|data_clk'
Slack : 1.865
TNS   : 0.000

Type  : Slow 1200mV 85C Model Removal 'i2c_master:i2c_master_19|data_clk'
Slack : 1.895
TNS   : 0.000

Type  : Slow 1200mV 85C Model Removal 'i2c_master:i2c_master_22|data_clk'
Slack : 2.084
TNS   : 0.000

Type  : Slow 1200mV 85C Model Removal 'i2c_master:i2c_master_3|data_clk'
Slack : 2.146
TNS   : 0.000

Type  : Slow 1200mV 85C Model Removal 'i2c_master:i2c_master_9|data_clk'
Slack : 2.652
TNS   : 0.000

Type  : Slow 1200mV 85C Model Removal 'i2c_master:i2c_master_31|data_clk'
Slack : 2.802
TNS   : 0.000

Type  : Slow 1200mV 85C Model Removal 'i2c_master:i2c_master_4|data_clk'
Slack : 2.827
TNS   : 0.000

Type  : Slow 1200mV 85C Model Removal 'i2c_master:i2c_master_2|data_clk'
Slack : 2.959
TNS   : 0.000

Type  : Slow 1200mV 85C Model Removal 'i2c_master:i2c_master_28|data_clk'
Slack : 3.043
TNS   : 0.000

Type  : Slow 1200mV 85C Model Removal 'i2c_master:i2c_master_6|data_clk'
Slack : 3.145
TNS   : 0.000

Type  : Slow 1200mV 85C Model Removal 'i2c_master:i2c_master_5|data_clk'
Slack : 3.155
TNS   : 0.000

Type  : Slow 1200mV 85C Model Removal 'i2c_master:i2c_master_29|data_clk'
Slack : 3.159
TNS   : 0.000

Type  : Slow 1200mV 85C Model Removal 'i2c_master:i2c_master_27|data_clk'
Slack : 3.270
TNS   : 0.000

Type  : Slow 1200mV 85C Model Removal 'i2c_master:i2c_master_30|data_clk'
Slack : 3.299
TNS   : 0.000

Type  : Slow 1200mV 85C Model Minimum Pulse Width 'CLK'
Slack : -3.000
TNS   : -11417.000

Type  : Slow 1200mV 85C Model Minimum Pulse Width 'i2c_master:i2c_master_0|data_clk'
Slack : -1.000
TNS   : -33.000

Type  : Slow 1200mV 85C Model Minimum Pulse Width 'i2c_master:i2c_master_10|data_clk'
Slack : -1.000
TNS   : -33.000

Type  : Slow 1200mV 85C Model Minimum Pulse Width 'i2c_master:i2c_master_11|data_clk'
Slack : -1.000
TNS   : -33.000

Type  : Slow 1200mV 85C Model Minimum Pulse Width 'i2c_master:i2c_master_12|data_clk'
Slack : -1.000
TNS   : -33.000

Type  : Slow 1200mV 85C Model Minimum Pulse Width 'i2c_master:i2c_master_13|data_clk'
Slack : -1.000
TNS   : -33.000

Type  : Slow 1200mV 85C Model Minimum Pulse Width 'i2c_master:i2c_master_14|data_clk'
Slack : -1.000
TNS   : -33.000

Type  : Slow 1200mV 85C Model Minimum Pulse Width 'i2c_master:i2c_master_15|data_clk'
Slack : -1.000
TNS   : -33.000

Type  : Slow 1200mV 85C Model Minimum Pulse Width 'i2c_master:i2c_master_16|data_clk'
Slack : -1.000
TNS   : -33.000

Type  : Slow 1200mV 85C Model Minimum Pulse Width 'i2c_master:i2c_master_17|data_clk'
Slack : -1.000
TNS   : -33.000

Type  : Slow 1200mV 85C Model Minimum Pulse Width 'i2c_master:i2c_master_18|data_clk'
Slack : -1.000
TNS   : -33.000

Type  : Slow 1200mV 85C Model Minimum Pulse Width 'i2c_master:i2c_master_19|data_clk'
Slack : -1.000
TNS   : -33.000

Type  : Slow 1200mV 85C Model Minimum Pulse Width 'i2c_master:i2c_master_1|data_clk'
Slack : -1.000
TNS   : -33.000

Type  : Slow 1200mV 85C Model Minimum Pulse Width 'i2c_master:i2c_master_20|data_clk'
Slack : -1.000
TNS   : -33.000

Type  : Slow 1200mV 85C Model Minimum Pulse Width 'i2c_master:i2c_master_21|data_clk'
Slack : -1.000
TNS   : -33.000

Type  : Slow 1200mV 85C Model Minimum Pulse Width 'i2c_master:i2c_master_22|data_clk'
Slack : -1.000
TNS   : -33.000

Type  : Slow 1200mV 85C Model Minimum Pulse Width 'i2c_master:i2c_master_23|data_clk'
Slack : -1.000
TNS   : -33.000

Type  : Slow 1200mV 85C Model Minimum Pulse Width 'i2c_master:i2c_master_24|data_clk'
Slack : -1.000
TNS   : -33.000

Type  : Slow 1200mV 85C Model Minimum Pulse Width 'i2c_master:i2c_master_25|data_clk'
Slack : -1.000
TNS   : -33.000

Type  : Slow 1200mV 85C Model Minimum Pulse Width 'i2c_master:i2c_master_26|data_clk'
Slack : -1.000
TNS   : -33.000

Type  : Slow 1200mV 85C Model Minimum Pulse Width 'i2c_master:i2c_master_27|data_clk'
Slack : -1.000
TNS   : -33.000

Type  : Slow 1200mV 85C Model Minimum Pulse Width 'i2c_master:i2c_master_28|data_clk'
Slack : -1.000
TNS   : -33.000

Type  : Slow 1200mV 85C Model Minimum Pulse Width 'i2c_master:i2c_master_29|data_clk'
Slack : -1.000
TNS   : -33.000

Type  : Slow 1200mV 85C Model Minimum Pulse Width 'i2c_master:i2c_master_2|data_clk'
Slack : -1.000
TNS   : -33.000

Type  : Slow 1200mV 85C Model Minimum Pulse Width 'i2c_master:i2c_master_30|data_clk'
Slack : -1.000
TNS   : -33.000

Type  : Slow 1200mV 85C Model Minimum Pulse Width 'i2c_master:i2c_master_31|data_clk'
Slack : -1.000
TNS   : -33.000

Type  : Slow 1200mV 85C Model Minimum Pulse Width 'i2c_master:i2c_master_3|data_clk'
Slack : -1.000
TNS   : -33.000

Type  : Slow 1200mV 85C Model Minimum Pulse Width 'i2c_master:i2c_master_4|data_clk'
Slack : -1.000
TNS   : -33.000

Type  : Slow 1200mV 85C Model Minimum Pulse Width 'i2c_master:i2c_master_5|data_clk'
Slack : -1.000
TNS   : -33.000

Type  : Slow 1200mV 85C Model Minimum Pulse Width 'i2c_master:i2c_master_6|data_clk'
Slack : -1.000
TNS   : -33.000

Type  : Slow 1200mV 85C Model Minimum Pulse Width 'i2c_master:i2c_master_7|data_clk'
Slack : -1.000
TNS   : -33.000

Type  : Slow 1200mV 85C Model Minimum Pulse Width 'i2c_master:i2c_master_8|data_clk'
Slack : -1.000
TNS   : -33.000

Type  : Slow 1200mV 85C Model Minimum Pulse Width 'i2c_master:i2c_master_9|data_clk'
Slack : -1.000
TNS   : -33.000

Type  : Slow 1200mV 0C Model Setup 'CLK'
Slack : -8.597
TNS   : -63418.331

Type  : Slow 1200mV 0C Model Setup 'i2c_master:i2c_master_9|data_clk'
Slack : -3.583
TNS   : -58.005

Type  : Slow 1200mV 0C Model Setup 'i2c_master:i2c_master_30|data_clk'
Slack : -3.566
TNS   : -59.601

Type  : Slow 1200mV 0C Model Setup 'i2c_master:i2c_master_5|data_clk'
Slack : -3.188
TNS   : -61.766

Type  : Slow 1200mV 0C Model Setup 'i2c_master:i2c_master_27|data_clk'
Slack : -3.103
TNS   : -63.459

Type  : Slow 1200mV 0C Model Setup 'i2c_master:i2c_master_28|data_clk'
Slack : -3.069
TNS   : -54.659

Type  : Slow 1200mV 0C Model Setup 'i2c_master:i2c_master_29|data_clk'
Slack : -3.060
TNS   : -63.705

Type  : Slow 1200mV 0C Model Setup 'i2c_master:i2c_master_2|data_clk'
Slack : -2.975
TNS   : -59.593

Type  : Slow 1200mV 0C Model Setup 'i2c_master:i2c_master_6|data_clk'
Slack : -2.962
TNS   : -61.088

Type  : Slow 1200mV 0C Model Setup 'i2c_master:i2c_master_31|data_clk'
Slack : -2.831
TNS   : -56.841

Type  : Slow 1200mV 0C Model Setup 'i2c_master:i2c_master_4|data_clk'
Slack : -2.581
TNS   : -55.819

Type  : Slow 1200mV 0C Model Setup 'i2c_master:i2c_master_15|data_clk'
Slack : -2.528
TNS   : -52.870

Type  : Slow 1200mV 0C Model Setup 'i2c_master:i2c_master_11|data_clk'
Slack : -2.330
TNS   : -40.479

Type  : Slow 1200mV 0C Model Setup 'i2c_master:i2c_master_3|data_clk'
Slack : -2.307
TNS   : -46.366

Type  : Slow 1200mV 0C Model Setup 'i2c_master:i2c_master_19|data_clk'
Slack : -2.229
TNS   : -40.256

Type  : Slow 1200mV 0C Model Setup 'i2c_master:i2c_master_13|data_clk'
Slack : -2.213
TNS   : -42.493

Type  : Slow 1200mV 0C Model Setup 'i2c_master:i2c_master_8|data_clk'
Slack : -2.202
TNS   : -52.118

Type  : Slow 1200mV 0C Model Setup 'i2c_master:i2c_master_24|data_clk'
Slack : -2.178
TNS   : -37.643

Type  : Slow 1200mV 0C Model Setup 'i2c_master:i2c_master_22|data_clk'
Slack : -2.077
TNS   : -45.016

Type  : Slow 1200mV 0C Model Setup 'i2c_master:i2c_master_7|data_clk'
Slack : -2.065
TNS   : -44.394

Type  : Slow 1200mV 0C Model Setup 'i2c_master:i2c_master_23|data_clk'
Slack : -2.011
TNS   : -38.331

Type  : Slow 1200mV 0C Model Setup 'i2c_master:i2c_master_25|data_clk'
Slack : -2.003
TNS   : -35.175

Type  : Slow 1200mV 0C Model Setup 'i2c_master:i2c_master_26|data_clk'
Slack : -1.989
TNS   : -35.584

Type  : Slow 1200mV 0C Model Setup 'i2c_master:i2c_master_21|data_clk'
Slack : -1.976
TNS   : -40.356

Type  : Slow 1200mV 0C Model Setup 'i2c_master:i2c_master_12|data_clk'
Slack : -1.891
TNS   : -36.305

Type  : Slow 1200mV 0C Model Setup 'i2c_master:i2c_master_1|data_clk'
Slack : -1.874
TNS   : -32.759

Type  : Slow 1200mV 0C Model Setup 'i2c_master:i2c_master_10|data_clk'
Slack : -1.859
TNS   : -33.536

Type  : Slow 1200mV 0C Model Setup 'i2c_master:i2c_master_14|data_clk'
Slack : -1.811
TNS   : -36.888

Type  : Slow 1200mV 0C Model Setup 'i2c_master:i2c_master_17|data_clk'
Slack : -1.760
TNS   : -36.443

Type  : Slow 1200mV 0C Model Setup 'i2c_master:i2c_master_18|data_clk'
Slack : -1.753
TNS   : -30.802

Type  : Slow 1200mV 0C Model Setup 'i2c_master:i2c_master_16|data_clk'
Slack : -1.648
TNS   : -29.925

Type  : Slow 1200mV 0C Model Setup 'i2c_master:i2c_master_20|data_clk'
Slack : -1.642
TNS   : -37.686

Type  : Slow 1200mV 0C Model Setup 'i2c_master:i2c_master_0|data_clk'
Slack : -1.464
TNS   : -31.838

Type  : Slow 1200mV 0C Model Hold 'i2c_master:i2c_master_12|data_clk'
Slack : 0.090
TNS   : 0.000

Type  : Slow 1200mV 0C Model Hold 'i2c_master:i2c_master_0|data_clk'
Slack : 0.203
TNS   : 0.000

Type  : Slow 1200mV 0C Model Hold 'i2c_master:i2c_master_1|data_clk'
Slack : 0.224
TNS   : 0.000

Type  : Slow 1200mV 0C Model Hold 'CLK'
Slack : 0.256
TNS   : 0.000

Type  : Slow 1200mV 0C Model Hold 'i2c_master:i2c_master_25|data_clk'
Slack : 0.284
TNS   : 0.000

Type  : Slow 1200mV 0C Model Hold 'i2c_master:i2c_master_13|data_clk'
Slack : 0.298
TNS   : 0.000

Type  : Slow 1200mV 0C Model Hold 'i2c_master:i2c_master_24|data_clk'
Slack : 0.298
TNS   : 0.000

Type  : Slow 1200mV 0C Model Hold 'i2c_master:i2c_master_14|data_clk'
Slack : 0.299
TNS   : 0.000

Type  : Slow 1200mV 0C Model Hold 'i2c_master:i2c_master_20|data_clk'
Slack : 0.299
TNS   : 0.000

Type  : Slow 1200mV 0C Model Hold 'i2c_master:i2c_master_18|data_clk'
Slack : 0.300
TNS   : 0.000

Type  : Slow 1200mV 0C Model Hold 'i2c_master:i2c_master_19|data_clk'
Slack : 0.300
TNS   : 0.000

Type  : Slow 1200mV 0C Model Hold 'i2c_master:i2c_master_23|data_clk'
Slack : 0.300
TNS   : 0.000

Type  : Slow 1200mV 0C Model Hold 'i2c_master:i2c_master_17|data_clk'
Slack : 0.301
TNS   : 0.000

Type  : Slow 1200mV 0C Model Hold 'i2c_master:i2c_master_10|data_clk'
Slack : 0.310
TNS   : 0.000

Type  : Slow 1200mV 0C Model Hold 'i2c_master:i2c_master_11|data_clk'
Slack : 0.311
TNS   : 0.000

Type  : Slow 1200mV 0C Model Hold 'i2c_master:i2c_master_15|data_clk'
Slack : 0.311
TNS   : 0.000

Type  : Slow 1200mV 0C Model Hold 'i2c_master:i2c_master_21|data_clk'
Slack : 0.311
TNS   : 0.000

Type  : Slow 1200mV 0C Model Hold 'i2c_master:i2c_master_26|data_clk'
Slack : 0.311
TNS   : 0.000

Type  : Slow 1200mV 0C Model Hold 'i2c_master:i2c_master_16|data_clk'
Slack : 0.312
TNS   : 0.000

Type  : Slow 1200mV 0C Model Hold 'i2c_master:i2c_master_22|data_clk'
Slack : 0.312
TNS   : 0.000

Type  : Slow 1200mV 0C Model Hold 'i2c_master:i2c_master_2|data_clk'
Slack : 0.315
TNS   : 0.000

Type  : Slow 1200mV 0C Model Hold 'i2c_master:i2c_master_27|data_clk'
Slack : 0.333
TNS   : 0.000

Type  : Slow 1200mV 0C Model Hold 'i2c_master:i2c_master_28|data_clk'
Slack : 0.333
TNS   : 0.000

Type  : Slow 1200mV 0C Model Hold 'i2c_master:i2c_master_29|data_clk'
Slack : 0.333
TNS   : 0.000

Type  : Slow 1200mV 0C Model Hold 'i2c_master:i2c_master_30|data_clk'
Slack : 0.333
TNS   : 0.000

Type  : Slow 1200mV 0C Model Hold 'i2c_master:i2c_master_31|data_clk'
Slack : 0.333
TNS   : 0.000

Type  : Slow 1200mV 0C Model Hold 'i2c_master:i2c_master_3|data_clk'
Slack : 0.333
TNS   : 0.000

Type  : Slow 1200mV 0C Model Hold 'i2c_master:i2c_master_4|data_clk'
Slack : 0.333
TNS   : 0.000

Type  : Slow 1200mV 0C Model Hold 'i2c_master:i2c_master_5|data_clk'
Slack : 0.333
TNS   : 0.000

Type  : Slow 1200mV 0C Model Hold 'i2c_master:i2c_master_6|data_clk'
Slack : 0.333
TNS   : 0.000

Type  : Slow 1200mV 0C Model Hold 'i2c_master:i2c_master_7|data_clk'
Slack : 0.333
TNS   : 0.000

Type  : Slow 1200mV 0C Model Hold 'i2c_master:i2c_master_8|data_clk'
Slack : 0.333
TNS   : 0.000

Type  : Slow 1200mV 0C Model Hold 'i2c_master:i2c_master_9|data_clk'
Slack : 0.333
TNS   : 0.000

Type  : Slow 1200mV 0C Model Recovery 'i2c_master:i2c_master_6|data_clk'
Slack : -2.904
TNS   : -59.687

Type  : Slow 1200mV 0C Model Recovery 'i2c_master:i2c_master_29|data_clk'
Slack : -2.832
TNS   : -60.226

Type  : Slow 1200mV 0C Model Recovery 'i2c_master:i2c_master_28|data_clk'
Slack : -2.788
TNS   : -57.018

Type  : Slow 1200mV 0C Model Recovery 'i2c_master:i2c_master_5|data_clk'
Slack : -2.747
TNS   : -59.168

Type  : Slow 1200mV 0C Model Recovery 'i2c_master:i2c_master_30|data_clk'
Slack : -2.690
TNS   : -58.003

Type  : Slow 1200mV 0C Model Recovery 'i2c_master:i2c_master_9|data_clk'
Slack : -2.689
TNS   : -49.082

Type  : Slow 1200mV 0C Model Recovery 'i2c_master:i2c_master_2|data_clk'
Slack : -2.622
TNS   : -56.937

Type  : Slow 1200mV 0C Model Recovery 'i2c_master:i2c_master_27|data_clk'
Slack : -2.606
TNS   : -58.761

Type  : Slow 1200mV 0C Model Recovery 'i2c_master:i2c_master_31|data_clk'
Slack : -2.542
TNS   : -49.843

Type  : Slow 1200mV 0C Model Recovery 'i2c_master:i2c_master_4|data_clk'
Slack : -2.324
TNS   : -50.073

Type  : Slow 1200mV 0C Model Recovery 'CLK'
Slack : -2.050
TNS   : -17172.001

Type  : Slow 1200mV 0C Model Recovery 'i2c_master:i2c_master_11|data_clk'
Slack : -1.831
TNS   : -33.711

Type  : Slow 1200mV 0C Model Recovery 'i2c_master:i2c_master_22|data_clk'
Slack : -1.793
TNS   : -38.628

Type  : Slow 1200mV 0C Model Recovery 'i2c_master:i2c_master_13|data_clk'
Slack : -1.741
TNS   : -35.559

Type  : Slow 1200mV 0C Model Recovery 'i2c_master:i2c_master_3|data_clk'
Slack : -1.738
TNS   : -34.965

Type  : Slow 1200mV 0C Model Recovery 'i2c_master:i2c_master_19|data_clk'
Slack : -1.725
TNS   : -36.370

Type  : Slow 1200mV 0C Model Recovery 'i2c_master:i2c_master_24|data_clk'
Slack : -1.513
TNS   : -31.563

Type  : Slow 1200mV 0C Model Recovery 'i2c_master:i2c_master_8|data_clk'
Slack : -1.495
TNS   : -30.030

Type  : Slow 1200mV 0C Model Recovery 'i2c_master:i2c_master_26|data_clk'
Slack : -1.370
TNS   : -28.503

Type  : Slow 1200mV 0C Model Recovery 'i2c_master:i2c_master_23|data_clk'
Slack : -1.346
TNS   : -26.284

Type  : Slow 1200mV 0C Model Recovery 'i2c_master:i2c_master_7|data_clk'
Slack : -1.345
TNS   : -22.652

Type  : Slow 1200mV 0C Model Recovery 'i2c_master:i2c_master_21|data_clk'
Slack : -1.276
TNS   : -26.112

Type  : Slow 1200mV 0C Model Recovery 'i2c_master:i2c_master_12|data_clk'
Slack : -1.260
TNS   : -24.435

Type  : Slow 1200mV 0C Model Recovery 'i2c_master:i2c_master_17|data_clk'
Slack : -1.158
TNS   : -23.479

Type  : Slow 1200mV 0C Model Recovery 'i2c_master:i2c_master_20|data_clk'
Slack : -1.074
TNS   : -23.698

Type  : Slow 1200mV 0C Model Recovery 'i2c_master:i2c_master_25|data_clk'
Slack : -1.067
TNS   : -21.716

Type  : Slow 1200mV 0C Model Recovery 'i2c_master:i2c_master_15|data_clk'
Slack : -1.036
TNS   : -17.114

Type  : Slow 1200mV 0C Model Recovery 'i2c_master:i2c_master_10|data_clk'
Slack : -1.017
TNS   : -18.957

Type  : Slow 1200mV 0C Model Recovery 'i2c_master:i2c_master_18|data_clk'
Slack : -0.990
TNS   : -19.069

Type  : Slow 1200mV 0C Model Recovery 'i2c_master:i2c_master_16|data_clk'
Slack : -0.983
TNS   : -19.009

Type  : Slow 1200mV 0C Model Recovery 'i2c_master:i2c_master_1|data_clk'
Slack : -0.811
TNS   : -13.153

Type  : Slow 1200mV 0C Model Recovery 'i2c_master:i2c_master_14|data_clk'
Slack : -0.806
TNS   : -16.283

Type  : Slow 1200mV 0C Model Recovery 'i2c_master:i2c_master_0|data_clk'
Slack : -0.743
TNS   : -13.972

Type  : Slow 1200mV 0C Model Removal 'i2c_master:i2c_master_0|data_clk'
Slack : 0.725
TNS   : 0.000

Type  : Slow 1200mV 0C Model Removal 'i2c_master:i2c_master_1|data_clk'
Slack : 0.739
TNS   : 0.000

Type  : Slow 1200mV 0C Model Removal 'i2c_master:i2c_master_15|data_clk'
Slack : 0.860
TNS   : 0.000

Type  : Slow 1200mV 0C Model Removal 'i2c_master:i2c_master_14|data_clk'
Slack : 0.863
TNS   : 0.000

Type  : Slow 1200mV 0C Model Removal 'i2c_master:i2c_master_16|data_clk'
Slack : 0.978
TNS   : 0.000

Type  : Slow 1200mV 0C Model Removal 'i2c_master:i2c_master_18|data_clk'
Slack : 1.016
TNS   : 0.000

Type  : Slow 1200mV 0C Model Removal 'i2c_master:i2c_master_10|data_clk'
Slack : 1.076
TNS   : 0.000

Type  : Slow 1200mV 0C Model Removal 'i2c_master:i2c_master_25|data_clk'
Slack : 1.143
TNS   : 0.000

Type  : Slow 1200mV 0C Model Removal 'i2c_master:i2c_master_12|data_clk'
Slack : 1.237
TNS   : 0.000

Type  : Slow 1200mV 0C Model Removal 'CLK'
Slack : 1.252
TNS   : 0.000

Type  : Slow 1200mV 0C Model Removal 'i2c_master:i2c_master_7|data_clk'
Slack : 1.276
TNS   : 0.000

Type  : Slow 1200mV 0C Model Removal 'i2c_master:i2c_master_23|data_clk'
Slack : 1.313
TNS   : 0.000

Type  : Slow 1200mV 0C Model Removal 'i2c_master:i2c_master_20|data_clk'
Slack : 1.334
TNS   : 0.000

Type  : Slow 1200mV 0C Model Removal 'i2c_master:i2c_master_17|data_clk'
Slack : 1.406
TNS   : 0.000

Type  : Slow 1200mV 0C Model Removal 'i2c_master:i2c_master_26|data_clk'
Slack : 1.421
TNS   : 0.000

Type  : Slow 1200mV 0C Model Removal 'i2c_master:i2c_master_21|data_clk'
Slack : 1.441
TNS   : 0.000

Type  : Slow 1200mV 0C Model Removal 'i2c_master:i2c_master_24|data_clk'
Slack : 1.559
TNS   : 0.000

Type  : Slow 1200mV 0C Model Removal 'i2c_master:i2c_master_8|data_clk'
Slack : 1.630
TNS   : 0.000

Type  : Slow 1200mV 0C Model Removal 'i2c_master:i2c_master_11|data_clk'
Slack : 1.664
TNS   : 0.000

Type  : Slow 1200mV 0C Model Removal 'i2c_master:i2c_master_13|data_clk'
Slack : 1.728
TNS   : 0.000

Type  : Slow 1200mV 0C Model Removal 'i2c_master:i2c_master_19|data_clk'
Slack : 1.773
TNS   : 0.000

Type  : Slow 1200mV 0C Model Removal 'i2c_master:i2c_master_3|data_clk'
Slack : 1.932
TNS   : 0.000

Type  : Slow 1200mV 0C Model Removal 'i2c_master:i2c_master_22|data_clk'
Slack : 1.939
TNS   : 0.000

Type  : Slow 1200mV 0C Model Removal 'i2c_master:i2c_master_9|data_clk'
Slack : 2.389
TNS   : 0.000

Type  : Slow 1200mV 0C Model Removal 'i2c_master:i2c_master_31|data_clk'
Slack : 2.535
TNS   : 0.000

Type  : Slow 1200mV 0C Model Removal 'i2c_master:i2c_master_4|data_clk'
Slack : 2.547
TNS   : 0.000

Type  : Slow 1200mV 0C Model Removal 'i2c_master:i2c_master_2|data_clk'
Slack : 2.670
TNS   : 0.000

Type  : Slow 1200mV 0C Model Removal 'i2c_master:i2c_master_28|data_clk'
Slack : 2.764
TNS   : 0.000

Type  : Slow 1200mV 0C Model Removal 'i2c_master:i2c_master_6|data_clk'
Slack : 2.866
TNS   : 0.000

Type  : Slow 1200mV 0C Model Removal 'i2c_master:i2c_master_29|data_clk'
Slack : 2.867
TNS   : 0.000

Type  : Slow 1200mV 0C Model Removal 'i2c_master:i2c_master_5|data_clk'
Slack : 2.871
TNS   : 0.000

Type  : Slow 1200mV 0C Model Removal 'i2c_master:i2c_master_27|data_clk'
Slack : 2.974
TNS   : 0.000

Type  : Slow 1200mV 0C Model Removal 'i2c_master:i2c_master_30|data_clk'
Slack : 2.994
TNS   : 0.000

Type  : Slow 1200mV 0C Model Minimum Pulse Width 'CLK'
Slack : -3.000
TNS   : -11417.000

Type  : Slow 1200mV 0C Model Minimum Pulse Width 'i2c_master:i2c_master_0|data_clk'
Slack : -1.000
TNS   : -33.000

Type  : Slow 1200mV 0C Model Minimum Pulse Width 'i2c_master:i2c_master_10|data_clk'
Slack : -1.000
TNS   : -33.000

Type  : Slow 1200mV 0C Model Minimum Pulse Width 'i2c_master:i2c_master_11|data_clk'
Slack : -1.000
TNS   : -33.000

Type  : Slow 1200mV 0C Model Minimum Pulse Width 'i2c_master:i2c_master_12|data_clk'
Slack : -1.000
TNS   : -33.000

Type  : Slow 1200mV 0C Model Minimum Pulse Width 'i2c_master:i2c_master_13|data_clk'
Slack : -1.000
TNS   : -33.000

Type  : Slow 1200mV 0C Model Minimum Pulse Width 'i2c_master:i2c_master_14|data_clk'
Slack : -1.000
TNS   : -33.000

Type  : Slow 1200mV 0C Model Minimum Pulse Width 'i2c_master:i2c_master_15|data_clk'
Slack : -1.000
TNS   : -33.000

Type  : Slow 1200mV 0C Model Minimum Pulse Width 'i2c_master:i2c_master_16|data_clk'
Slack : -1.000
TNS   : -33.000

Type  : Slow 1200mV 0C Model Minimum Pulse Width 'i2c_master:i2c_master_17|data_clk'
Slack : -1.000
TNS   : -33.000

Type  : Slow 1200mV 0C Model Minimum Pulse Width 'i2c_master:i2c_master_18|data_clk'
Slack : -1.000
TNS   : -33.000

Type  : Slow 1200mV 0C Model Minimum Pulse Width 'i2c_master:i2c_master_19|data_clk'
Slack : -1.000
TNS   : -33.000

Type  : Slow 1200mV 0C Model Minimum Pulse Width 'i2c_master:i2c_master_1|data_clk'
Slack : -1.000
TNS   : -33.000

Type  : Slow 1200mV 0C Model Minimum Pulse Width 'i2c_master:i2c_master_20|data_clk'
Slack : -1.000
TNS   : -33.000

Type  : Slow 1200mV 0C Model Minimum Pulse Width 'i2c_master:i2c_master_21|data_clk'
Slack : -1.000
TNS   : -33.000

Type  : Slow 1200mV 0C Model Minimum Pulse Width 'i2c_master:i2c_master_22|data_clk'
Slack : -1.000
TNS   : -33.000

Type  : Slow 1200mV 0C Model Minimum Pulse Width 'i2c_master:i2c_master_23|data_clk'
Slack : -1.000
TNS   : -33.000

Type  : Slow 1200mV 0C Model Minimum Pulse Width 'i2c_master:i2c_master_24|data_clk'
Slack : -1.000
TNS   : -33.000

Type  : Slow 1200mV 0C Model Minimum Pulse Width 'i2c_master:i2c_master_25|data_clk'
Slack : -1.000
TNS   : -33.000

Type  : Slow 1200mV 0C Model Minimum Pulse Width 'i2c_master:i2c_master_26|data_clk'
Slack : -1.000
TNS   : -33.000

Type  : Slow 1200mV 0C Model Minimum Pulse Width 'i2c_master:i2c_master_27|data_clk'
Slack : -1.000
TNS   : -33.000

Type  : Slow 1200mV 0C Model Minimum Pulse Width 'i2c_master:i2c_master_28|data_clk'
Slack : -1.000
TNS   : -33.000

Type  : Slow 1200mV 0C Model Minimum Pulse Width 'i2c_master:i2c_master_29|data_clk'
Slack : -1.000
TNS   : -33.000

Type  : Slow 1200mV 0C Model Minimum Pulse Width 'i2c_master:i2c_master_2|data_clk'
Slack : -1.000
TNS   : -33.000

Type  : Slow 1200mV 0C Model Minimum Pulse Width 'i2c_master:i2c_master_30|data_clk'
Slack : -1.000
TNS   : -33.000

Type  : Slow 1200mV 0C Model Minimum Pulse Width 'i2c_master:i2c_master_31|data_clk'
Slack : -1.000
TNS   : -33.000

Type  : Slow 1200mV 0C Model Minimum Pulse Width 'i2c_master:i2c_master_3|data_clk'
Slack : -1.000
TNS   : -33.000

Type  : Slow 1200mV 0C Model Minimum Pulse Width 'i2c_master:i2c_master_4|data_clk'
Slack : -1.000
TNS   : -33.000

Type  : Slow 1200mV 0C Model Minimum Pulse Width 'i2c_master:i2c_master_5|data_clk'
Slack : -1.000
TNS   : -33.000

Type  : Slow 1200mV 0C Model Minimum Pulse Width 'i2c_master:i2c_master_6|data_clk'
Slack : -1.000
TNS   : -33.000

Type  : Slow 1200mV 0C Model Minimum Pulse Width 'i2c_master:i2c_master_7|data_clk'
Slack : -1.000
TNS   : -33.000

Type  : Slow 1200mV 0C Model Minimum Pulse Width 'i2c_master:i2c_master_8|data_clk'
Slack : -1.000
TNS   : -33.000

Type  : Slow 1200mV 0C Model Minimum Pulse Width 'i2c_master:i2c_master_9|data_clk'
Slack : -1.000
TNS   : -33.000

Type  : Fast 1200mV 0C Model Setup 'CLK'
Slack : -5.198
TNS   : -36759.574

Type  : Fast 1200mV 0C Model Setup 'i2c_master:i2c_master_30|data_clk'
Slack : -2.171
TNS   : -28.758

Type  : Fast 1200mV 0C Model Setup 'i2c_master:i2c_master_9|data_clk'
Slack : -2.139
TNS   : -27.759

Type  : Fast 1200mV 0C Model Setup 'i2c_master:i2c_master_5|data_clk'
Slack : -1.910
TNS   : -29.772

Type  : Fast 1200mV 0C Model Setup 'i2c_master:i2c_master_29|data_clk'
Slack : -1.833
TNS   : -31.061

Type  : Fast 1200mV 0C Model Setup 'i2c_master:i2c_master_28|data_clk'
Slack : -1.832
TNS   : -24.941

Type  : Fast 1200mV 0C Model Setup 'i2c_master:i2c_master_27|data_clk'
Slack : -1.827
TNS   : -30.781

Type  : Fast 1200mV 0C Model Setup 'i2c_master:i2c_master_2|data_clk'
Slack : -1.750
TNS   : -27.747

Type  : Fast 1200mV 0C Model Setup 'i2c_master:i2c_master_6|data_clk'
Slack : -1.724
TNS   : -28.913

Type  : Fast 1200mV 0C Model Setup 'i2c_master:i2c_master_31|data_clk'
Slack : -1.654
TNS   : -26.586

Type  : Fast 1200mV 0C Model Setup 'i2c_master:i2c_master_4|data_clk'
Slack : -1.504
TNS   : -25.836

Type  : Fast 1200mV 0C Model Setup 'i2c_master:i2c_master_11|data_clk'
Slack : -1.315
TNS   : -16.107

Type  : Fast 1200mV 0C Model Setup 'i2c_master:i2c_master_15|data_clk'
Slack : -1.271
TNS   : -24.301

Type  : Fast 1200mV 0C Model Setup 'i2c_master:i2c_master_3|data_clk'
Slack : -1.248
TNS   : -19.049

Type  : Fast 1200mV 0C Model Setup 'i2c_master:i2c_master_19|data_clk'
Slack : -1.231
TNS   : -15.927

Type  : Fast 1200mV 0C Model Setup 'i2c_master:i2c_master_13|data_clk'
Slack : -1.223
TNS   : -17.223

Type  : Fast 1200mV 0C Model Setup 'i2c_master:i2c_master_24|data_clk'
Slack : -1.185
TNS   : -13.724

Type  : Fast 1200mV 0C Model Setup 'i2c_master:i2c_master_22|data_clk'
Slack : -1.154
TNS   : -18.412

Type  : Fast 1200mV 0C Model Setup 'i2c_master:i2c_master_8|data_clk'
Slack : -1.125
TNS   : -23.612

Type  : Fast 1200mV 0C Model Setup 'i2c_master:i2c_master_7|data_clk'
Slack : -1.089
TNS   : -18.154

Type  : Fast 1200mV 0C Model Setup 'i2c_master:i2c_master_21|data_clk'
Slack : -1.063
TNS   : -16.614

Type  : Fast 1200mV 0C Model Setup 'i2c_master:i2c_master_23|data_clk'
Slack : -1.049
TNS   : -14.145

Type  : Fast 1200mV 0C Model Setup 'i2c_master:i2c_master_26|data_clk'
Slack : -1.006
TNS   : -12.562

Type  : Fast 1200mV 0C Model Setup 'i2c_master:i2c_master_12|data_clk'
Slack : -0.983
TNS   : -13.038

Type  : Fast 1200mV 0C Model Setup 'i2c_master:i2c_master_17|data_clk'
Slack : -0.944
TNS   : -12.904

Type  : Fast 1200mV 0C Model Setup 'i2c_master:i2c_master_10|data_clk'
Slack : -0.841
TNS   : -11.429

Type  : Fast 1200mV 0C Model Setup 'i2c_master:i2c_master_25|data_clk'
Slack : -0.839
TNS   : -12.102

Type  : Fast 1200mV 0C Model Setup 'i2c_master:i2c_master_1|data_clk'
Slack : -0.835
TNS   : -10.498

Type  : Fast 1200mV 0C Model Setup 'i2c_master:i2c_master_18|data_clk'
Slack : -0.791
TNS   : -9.220

Type  : Fast 1200mV 0C Model Setup 'i2c_master:i2c_master_14|data_clk'
Slack : -0.781
TNS   : -13.292

Type  : Fast 1200mV 0C Model Setup 'i2c_master:i2c_master_20|data_clk'
Slack : -0.765
TNS   : -13.912

Type  : Fast 1200mV 0C Model Setup 'i2c_master:i2c_master_16|data_clk'
Slack : -0.752
TNS   : -8.804

Type  : Fast 1200mV 0C Model Setup 'i2c_master:i2c_master_0|data_clk'
Slack : -0.629
TNS   : -9.777

Type  : Fast 1200mV 0C Model Hold 'i2c_master:i2c_master_12|data_clk'
Slack : -0.034
TNS   : -0.034

Type  : Fast 1200mV 0C Model Hold 'i2c_master:i2c_master_0|data_clk'
Slack : 0.036
TNS   : 0.000

Type  : Fast 1200mV 0C Model Hold 'i2c_master:i2c_master_1|data_clk'
Slack : 0.040
TNS   : 0.000

Type  : Fast 1200mV 0C Model Hold 'i2c_master:i2c_master_25|data_clk'
Slack : 0.071
TNS   : 0.000

Type  : Fast 1200mV 0C Model Hold 'i2c_master:i2c_master_17|data_clk'
Slack : 0.093
TNS   : 0.000

Type  : Fast 1200mV 0C Model Hold 'CLK'
Slack : 0.095
TNS   : 0.000

Type  : Fast 1200mV 0C Model Hold 'i2c_master:i2c_master_16|data_clk'
Slack : 0.096
TNS   : 0.000

Type  : Fast 1200mV 0C Model Hold 'i2c_master:i2c_master_10|data_clk'
Slack : 0.104
TNS   : 0.000

Type  : Fast 1200mV 0C Model Hold 'i2c_master:i2c_master_20|data_clk'
Slack : 0.106
TNS   : 0.000

Type  : Fast 1200mV 0C Model Hold 'i2c_master:i2c_master_14|data_clk'
Slack : 0.140
TNS   : 0.000

Type  : Fast 1200mV 0C Model Hold 'i2c_master:i2c_master_23|data_clk'
Slack : 0.145
TNS   : 0.000

Type  : Fast 1200mV 0C Model Hold 'i2c_master:i2c_master_24|data_clk'
Slack : 0.150
TNS   : 0.000

Type  : Fast 1200mV 0C Model Hold 'i2c_master:i2c_master_13|data_clk'
Slack : 0.175
TNS   : 0.000

Type  : Fast 1200mV 0C Model Hold 'i2c_master:i2c_master_19|data_clk'
Slack : 0.177
TNS   : 0.000

Type  : Fast 1200mV 0C Model Hold 'i2c_master:i2c_master_18|data_clk'
Slack : 0.178
TNS   : 0.000

Type  : Fast 1200mV 0C Model Hold 'i2c_master:i2c_master_11|data_clk'
Slack : 0.184
TNS   : 0.000

Type  : Fast 1200mV 0C Model Hold 'i2c_master:i2c_master_22|data_clk'
Slack : 0.184
TNS   : 0.000

Type  : Fast 1200mV 0C Model Hold 'i2c_master:i2c_master_15|data_clk'
Slack : 0.185
TNS   : 0.000

Type  : Fast 1200mV 0C Model Hold 'i2c_master:i2c_master_21|data_clk'
Slack : 0.185
TNS   : 0.000

Type  : Fast 1200mV 0C Model Hold 'i2c_master:i2c_master_26|data_clk'
Slack : 0.186
TNS   : 0.000

Type  : Fast 1200mV 0C Model Hold 'i2c_master:i2c_master_2|data_clk'
Slack : 0.197
TNS   : 0.000

Type  : Fast 1200mV 0C Model Hold 'i2c_master:i2c_master_27|data_clk'
Slack : 0.199
TNS   : 0.000

Type  : Fast 1200mV 0C Model Hold 'i2c_master:i2c_master_28|data_clk'
Slack : 0.199
TNS   : 0.000

Type  : Fast 1200mV 0C Model Hold 'i2c_master:i2c_master_29|data_clk'
Slack : 0.199
TNS   : 0.000

Type  : Fast 1200mV 0C Model Hold 'i2c_master:i2c_master_30|data_clk'
Slack : 0.199
TNS   : 0.000

Type  : Fast 1200mV 0C Model Hold 'i2c_master:i2c_master_31|data_clk'
Slack : 0.199
TNS   : 0.000

Type  : Fast 1200mV 0C Model Hold 'i2c_master:i2c_master_3|data_clk'
Slack : 0.199
TNS   : 0.000

Type  : Fast 1200mV 0C Model Hold 'i2c_master:i2c_master_4|data_clk'
Slack : 0.199
TNS   : 0.000

Type  : Fast 1200mV 0C Model Hold 'i2c_master:i2c_master_5|data_clk'
Slack : 0.199
TNS   : 0.000

Type  : Fast 1200mV 0C Model Hold 'i2c_master:i2c_master_6|data_clk'
Slack : 0.199
TNS   : 0.000

Type  : Fast 1200mV 0C Model Hold 'i2c_master:i2c_master_7|data_clk'
Slack : 0.199
TNS   : 0.000

Type  : Fast 1200mV 0C Model Hold 'i2c_master:i2c_master_8|data_clk'
Slack : 0.199
TNS   : 0.000

Type  : Fast 1200mV 0C Model Hold 'i2c_master:i2c_master_9|data_clk'
Slack : 0.199
TNS   : 0.000

Type  : Fast 1200mV 0C Model Recovery 'i2c_master:i2c_master_6|data_clk'
Slack : -1.580
TNS   : -32.480

Type  : Fast 1200mV 0C Model Recovery 'i2c_master:i2c_master_29|data_clk'
Slack : -1.579
TNS   : -33.683

Type  : Fast 1200mV 0C Model Recovery 'i2c_master:i2c_master_5|data_clk'
Slack : -1.526
TNS   : -32.180

Type  : Fast 1200mV 0C Model Recovery 'i2c_master:i2c_master_28|data_clk'
Slack : -1.516
TNS   : -30.661

Type  : Fast 1200mV 0C Model Recovery 'i2c_master:i2c_master_30|data_clk'
Slack : -1.480
TNS   : -31.847

Type  : Fast 1200mV 0C Model Recovery 'i2c_master:i2c_master_9|data_clk'
Slack : -1.463
TNS   : -26.107

Type  : Fast 1200mV 0C Model Recovery 'i2c_master:i2c_master_27|data_clk'
Slack : -1.421
TNS   : -31.910

Type  : Fast 1200mV 0C Model Recovery 'i2c_master:i2c_master_31|data_clk'
Slack : -1.400
TNS   : -26.428

Type  : Fast 1200mV 0C Model Recovery 'i2c_master:i2c_master_2|data_clk'
Slack : -1.370
TNS   : -30.304

Type  : Fast 1200mV 0C Model Recovery 'i2c_master:i2c_master_4|data_clk'
Slack : -1.272
TNS   : -26.941

Type  : Fast 1200mV 0C Model Recovery 'CLK'
Slack : -1.100
TNS   : -8165.455

Type  : Fast 1200mV 0C Model Recovery 'i2c_master:i2c_master_11|data_clk'
Slack : -0.890
TNS   : -14.828

Type  : Fast 1200mV 0C Model Recovery 'i2c_master:i2c_master_22|data_clk'
Slack : -0.864
TNS   : -18.195

Type  : Fast 1200mV 0C Model Recovery 'i2c_master:i2c_master_19|data_clk'
Slack : -0.829
TNS   : -16.835

Type  : Fast 1200mV 0C Model Recovery 'i2c_master:i2c_master_3|data_clk'
Slack : -0.828
TNS   : -15.508

Type  : Fast 1200mV 0C Model Recovery 'i2c_master:i2c_master_13|data_clk'
Slack : -0.807
TNS   : -15.700

Type  : Fast 1200mV 0C Model Recovery 'i2c_master:i2c_master_8|data_clk'
Slack : -0.712
TNS   : -13.239

Type  : Fast 1200mV 0C Model Recovery 'i2c_master:i2c_master_24|data_clk'
Slack : -0.642
TNS   : -12.713

Type  : Fast 1200mV 0C Model Recovery 'i2c_master:i2c_master_26|data_clk'
Slack : -0.604
TNS   : -12.298

Type  : Fast 1200mV 0C Model Recovery 'i2c_master:i2c_master_23|data_clk'
Slack : -0.569
TNS   : -9.942

Type  : Fast 1200mV 0C Model Recovery 'i2c_master:i2c_master_7|data_clk'
Slack : -0.561
TNS   : -7.483

Type  : Fast 1200mV 0C Model Recovery 'i2c_master:i2c_master_21|data_clk'
Slack : -0.538
TNS   : -9.979

Type  : Fast 1200mV 0C Model Recovery 'i2c_master:i2c_master_12|data_clk'
Slack : -0.527
TNS   : -9.256

Type  : Fast 1200mV 0C Model Recovery 'i2c_master:i2c_master_17|data_clk'
Slack : -0.472
TNS   : -8.400

Type  : Fast 1200mV 0C Model Recovery 'i2c_master:i2c_master_20|data_clk'
Slack : -0.428
TNS   : -8.993

Type  : Fast 1200mV 0C Model Recovery 'i2c_master:i2c_master_15|data_clk'
Slack : -0.378
TNS   : -4.074

Type  : Fast 1200mV 0C Model Recovery 'i2c_master:i2c_master_18|data_clk'
Slack : -0.356
TNS   : -5.878

Type  : Fast 1200mV 0C Model Recovery 'i2c_master:i2c_master_25|data_clk'
Slack : -0.349
TNS   : -6.494

Type  : Fast 1200mV 0C Model Recovery 'i2c_master:i2c_master_10|data_clk'
Slack : -0.341
TNS   : -5.081

Type  : Fast 1200mV 0C Model Recovery 'i2c_master:i2c_master_16|data_clk'
Slack : -0.286
TNS   : -4.154

Type  : Fast 1200mV 0C Model Recovery 'i2c_master:i2c_master_14|data_clk'
Slack : -0.220
TNS   : -3.586

Type  : Fast 1200mV 0C Model Recovery 'i2c_master:i2c_master_1|data_clk'
Slack : -0.208
TNS   : -2.108

Type  : Fast 1200mV 0C Model Recovery 'i2c_master:i2c_master_0|data_clk'
Slack : -0.188
TNS   : -2.599

Type  : Fast 1200mV 0C Model Removal 'i2c_master:i2c_master_1|data_clk'
Slack : 0.381
TNS   : 0.000

Type  : Fast 1200mV 0C Model Removal 'i2c_master:i2c_master_0|data_clk'
Slack : 0.417
TNS   : 0.000

Type  : Fast 1200mV 0C Model Removal 'i2c_master:i2c_master_14|data_clk'
Slack : 0.469
TNS   : 0.000

Type  : Fast 1200mV 0C Model Removal 'i2c_master:i2c_master_15|data_clk'
Slack : 0.476
TNS   : 0.000

Type  : Fast 1200mV 0C Model Removal 'i2c_master:i2c_master_16|data_clk'
Slack : 0.504
TNS   : 0.000

Type  : Fast 1200mV 0C Model Removal 'i2c_master:i2c_master_18|data_clk'
Slack : 0.578
TNS   : 0.000

Type  : Fast 1200mV 0C Model Removal 'i2c_master:i2c_master_10|data_clk'
Slack : 0.588
TNS   : 0.000

Type  : Fast 1200mV 0C Model Removal 'i2c_master:i2c_master_25|data_clk'
Slack : 0.613
TNS   : 0.000

Type  : Fast 1200mV 0C Model Removal 'i2c_master:i2c_master_12|data_clk'
Slack : 0.718
TNS   : 0.000

Type  : Fast 1200mV 0C Model Removal 'i2c_master:i2c_master_23|data_clk'
Slack : 0.744
TNS   : 0.000

Type  : Fast 1200mV 0C Model Removal 'CLK'
Slack : 0.756
TNS   : 0.000

Type  : Fast 1200mV 0C Model Removal 'i2c_master:i2c_master_20|data_clk'
Slack : 0.776
TNS   : 0.000

Type  : Fast 1200mV 0C Model Removal 'i2c_master:i2c_master_7|data_clk'
Slack : 0.786
TNS   : 0.000

Type  : Fast 1200mV 0C Model Removal 'i2c_master:i2c_master_21|data_clk'
Slack : 0.807
TNS   : 0.000

Type  : Fast 1200mV 0C Model Removal 'i2c_master:i2c_master_17|data_clk'
Slack : 0.811
TNS   : 0.000

Type  : Fast 1200mV 0C Model Removal 'i2c_master:i2c_master_26|data_clk'
Slack : 0.835
TNS   : 0.000

Type  : Fast 1200mV 0C Model Removal 'i2c_master:i2c_master_24|data_clk'
Slack : 0.904
TNS   : 0.000

Type  : Fast 1200mV 0C Model Removal 'i2c_master:i2c_master_11|data_clk'
Slack : 0.947
TNS   : 0.000

Type  : Fast 1200mV 0C Model Removal 'i2c_master:i2c_master_13|data_clk'
Slack : 1.016
TNS   : 0.000

Type  : Fast 1200mV 0C Model Removal 'i2c_master:i2c_master_19|data_clk'
Slack : 1.022
TNS   : 0.000

Type  : Fast 1200mV 0C Model Removal 'i2c_master:i2c_master_8|data_clk'
Slack : 1.022
TNS   : 0.000

Type  : Fast 1200mV 0C Model Removal 'i2c_master:i2c_master_22|data_clk'
Slack : 1.135
TNS   : 0.000

Type  : Fast 1200mV 0C Model Removal 'i2c_master:i2c_master_3|data_clk'
Slack : 1.216
TNS   : 0.000

Type  : Fast 1200mV 0C Model Removal 'i2c_master:i2c_master_9|data_clk'
Slack : 1.493
TNS   : 0.000

Type  : Fast 1200mV 0C Model Removal 'i2c_master:i2c_master_31|data_clk'
Slack : 1.583
TNS   : 0.000

Type  : Fast 1200mV 0C Model Removal 'i2c_master:i2c_master_4|data_clk'
Slack : 1.643
TNS   : 0.000

Type  : Fast 1200mV 0C Model Removal 'i2c_master:i2c_master_2|data_clk'
Slack : 1.682
TNS   : 0.000

Type  : Fast 1200mV 0C Model Removal 'i2c_master:i2c_master_28|data_clk'
Slack : 1.713
TNS   : 0.000

Type  : Fast 1200mV 0C Model Removal 'i2c_master:i2c_master_6|data_clk'
Slack : 1.771
TNS   : 0.000

Type  : Fast 1200mV 0C Model Removal 'i2c_master:i2c_master_5|data_clk'
Slack : 1.781
TNS   : 0.000

Type  : Fast 1200mV 0C Model Removal 'i2c_master:i2c_master_29|data_clk'
Slack : 1.799
TNS   : 0.000

Type  : Fast 1200mV 0C Model Removal 'i2c_master:i2c_master_27|data_clk'
Slack : 1.866
TNS   : 0.000

Type  : Fast 1200mV 0C Model Removal 'i2c_master:i2c_master_30|data_clk'
Slack : 1.871
TNS   : 0.000

Type  : Fast 1200mV 0C Model Minimum Pulse Width 'CLK'
Slack : -3.000
TNS   : -12133.529

Type  : Fast 1200mV 0C Model Minimum Pulse Width 'i2c_master:i2c_master_0|data_clk'
Slack : -1.000
TNS   : -33.000

Type  : Fast 1200mV 0C Model Minimum Pulse Width 'i2c_master:i2c_master_10|data_clk'
Slack : -1.000
TNS   : -33.000

Type  : Fast 1200mV 0C Model Minimum Pulse Width 'i2c_master:i2c_master_11|data_clk'
Slack : -1.000
TNS   : -33.000

Type  : Fast 1200mV 0C Model Minimum Pulse Width 'i2c_master:i2c_master_12|data_clk'
Slack : -1.000
TNS   : -33.000

Type  : Fast 1200mV 0C Model Minimum Pulse Width 'i2c_master:i2c_master_13|data_clk'
Slack : -1.000
TNS   : -33.000

Type  : Fast 1200mV 0C Model Minimum Pulse Width 'i2c_master:i2c_master_14|data_clk'
Slack : -1.000
TNS   : -33.000

Type  : Fast 1200mV 0C Model Minimum Pulse Width 'i2c_master:i2c_master_15|data_clk'
Slack : -1.000
TNS   : -33.000

Type  : Fast 1200mV 0C Model Minimum Pulse Width 'i2c_master:i2c_master_16|data_clk'
Slack : -1.000
TNS   : -33.000

Type  : Fast 1200mV 0C Model Minimum Pulse Width 'i2c_master:i2c_master_17|data_clk'
Slack : -1.000
TNS   : -33.000

Type  : Fast 1200mV 0C Model Minimum Pulse Width 'i2c_master:i2c_master_18|data_clk'
Slack : -1.000
TNS   : -33.000

Type  : Fast 1200mV 0C Model Minimum Pulse Width 'i2c_master:i2c_master_19|data_clk'
Slack : -1.000
TNS   : -33.000

Type  : Fast 1200mV 0C Model Minimum Pulse Width 'i2c_master:i2c_master_1|data_clk'
Slack : -1.000
TNS   : -33.000

Type  : Fast 1200mV 0C Model Minimum Pulse Width 'i2c_master:i2c_master_20|data_clk'
Slack : -1.000
TNS   : -33.000

Type  : Fast 1200mV 0C Model Minimum Pulse Width 'i2c_master:i2c_master_21|data_clk'
Slack : -1.000
TNS   : -33.000

Type  : Fast 1200mV 0C Model Minimum Pulse Width 'i2c_master:i2c_master_22|data_clk'
Slack : -1.000
TNS   : -33.000

Type  : Fast 1200mV 0C Model Minimum Pulse Width 'i2c_master:i2c_master_23|data_clk'
Slack : -1.000
TNS   : -33.000

Type  : Fast 1200mV 0C Model Minimum Pulse Width 'i2c_master:i2c_master_24|data_clk'
Slack : -1.000
TNS   : -33.000

Type  : Fast 1200mV 0C Model Minimum Pulse Width 'i2c_master:i2c_master_25|data_clk'
Slack : -1.000
TNS   : -33.000

Type  : Fast 1200mV 0C Model Minimum Pulse Width 'i2c_master:i2c_master_26|data_clk'
Slack : -1.000
TNS   : -33.000

Type  : Fast 1200mV 0C Model Minimum Pulse Width 'i2c_master:i2c_master_27|data_clk'
Slack : -1.000
TNS   : -33.000

Type  : Fast 1200mV 0C Model Minimum Pulse Width 'i2c_master:i2c_master_28|data_clk'
Slack : -1.000
TNS   : -33.000

Type  : Fast 1200mV 0C Model Minimum Pulse Width 'i2c_master:i2c_master_29|data_clk'
Slack : -1.000
TNS   : -33.000

Type  : Fast 1200mV 0C Model Minimum Pulse Width 'i2c_master:i2c_master_2|data_clk'
Slack : -1.000
TNS   : -33.000

Type  : Fast 1200mV 0C Model Minimum Pulse Width 'i2c_master:i2c_master_30|data_clk'
Slack : -1.000
TNS   : -33.000

Type  : Fast 1200mV 0C Model Minimum Pulse Width 'i2c_master:i2c_master_31|data_clk'
Slack : -1.000
TNS   : -33.000

Type  : Fast 1200mV 0C Model Minimum Pulse Width 'i2c_master:i2c_master_3|data_clk'
Slack : -1.000
TNS   : -33.000

Type  : Fast 1200mV 0C Model Minimum Pulse Width 'i2c_master:i2c_master_4|data_clk'
Slack : -1.000
TNS   : -33.000

Type  : Fast 1200mV 0C Model Minimum Pulse Width 'i2c_master:i2c_master_5|data_clk'
Slack : -1.000
TNS   : -33.000

Type  : Fast 1200mV 0C Model Minimum Pulse Width 'i2c_master:i2c_master_6|data_clk'
Slack : -1.000
TNS   : -33.000

Type  : Fast 1200mV 0C Model Minimum Pulse Width 'i2c_master:i2c_master_7|data_clk'
Slack : -1.000
TNS   : -33.000

Type  : Fast 1200mV 0C Model Minimum Pulse Width 'i2c_master:i2c_master_8|data_clk'
Slack : -1.000
TNS   : -33.000

Type  : Fast 1200mV 0C Model Minimum Pulse Width 'i2c_master:i2c_master_9|data_clk'
Slack : -1.000
TNS   : -33.000

------------------------------------------------------------
